<?xml version="1.0"?>
<link_info>
   <banner>TI ARM Linker PC v16.9.3.LTS</banner>
   <copyright>Copyright (c) 1996-2017 Texas Instruments Incorporated</copyright>
   <link_time>0x597df3a8</link_time>
   <link_errors>0x0</link_errors>
   <output_file>TIVA_MPU6050_TUNG.out</output_file>
   <entry_point>
      <name>_c_int00</name>
      <address>0x20d1</address>
   </entry_point>
   <input_file_list>
      <input_file id="fl-2">
         <path>.\</path>
         <kind>object</kind>
         <file>main.obj</file>
         <name>main.obj</name>
      </input_file>
      <input_file id="fl-3">
         <path>.\</path>
         <kind>object</kind>
         <file>tm4c123gh6pm_startup_ccs.obj</file>
         <name>tm4c123gh6pm_startup_ccs.obj</name>
      </input_file>
      <input_file id="fl-4">
         <path>.\MPU6050\</path>
         <kind>object</kind>
         <file>MPU6050.obj</file>
         <name>MPU6050.obj</name>
      </input_file>
      <input_file id="fl-9">
         <kind>object</kind>
         <file>&lt;internal&gt;</file>
         <name>&lt;internal&gt;</name>
      </input_file>
      <input_file id="fl-a">
         <path>T:\Programs\ti\TivaWare\driverlib\ccs\Debug\</path>
         <kind>archive</kind>
         <file>driverlib.lib</file>
         <name>gpio.obj</name>
      </input_file>
      <input_file id="fl-b">
         <path>T:\Programs\ti\TivaWare\driverlib\ccs\Debug\</path>
         <kind>archive</kind>
         <file>driverlib.lib</file>
         <name>i2c.obj</name>
      </input_file>
      <input_file id="fl-c">
         <path>T:\Programs\ti\TivaWare\driverlib\ccs\Debug\</path>
         <kind>archive</kind>
         <file>driverlib.lib</file>
         <name>interrupt.obj</name>
      </input_file>
      <input_file id="fl-d">
         <path>T:\Programs\ti\TivaWare\driverlib\ccs\Debug\</path>
         <kind>archive</kind>
         <file>driverlib.lib</file>
         <name>sysctl.obj</name>
      </input_file>
      <input_file id="fl-e">
         <path>T:\Programs\ti\TivaWare\driverlib\ccs\Debug\</path>
         <kind>archive</kind>
         <file>driverlib.lib</file>
         <name>timer.obj</name>
      </input_file>
      <input_file id="fl-f">
         <path>T:\Programs\ti\TivaWare\driverlib\ccs\Debug\</path>
         <kind>archive</kind>
         <file>driverlib.lib</file>
         <name>uart.obj</name>
      </input_file>
      <input_file id="fl-10">
         <path>T:\Programs\ti\TivaWare\driverlib\ccs\Debug\</path>
         <kind>archive</kind>
         <file>driverlib.lib</file>
         <name>cpu.obj</name>
      </input_file>
      <input_file id="fl-c6">
         <path>C:\ti\ccsv7\tools\compiler\ti-cgt-arm_16.9.3.LTS\lib\</path>
         <kind>archive</kind>
         <file>rtsv7M4_T_le_v4SPD16_eabi.lib</file>
         <name>boot.obj</name>
      </input_file>
      <input_file id="fl-c7">
         <path>C:\ti\ccsv7\tools\compiler\ti-cgt-arm_16.9.3.LTS\lib\</path>
         <kind>archive</kind>
         <file>rtsv7M4_T_le_v4SPD16_eabi.lib</file>
         <name>copy_decompress_lzss.obj</name>
      </input_file>
      <input_file id="fl-c8">
         <path>C:\ti\ccsv7\tools\compiler\ti-cgt-arm_16.9.3.LTS\lib\</path>
         <kind>archive</kind>
         <file>rtsv7M4_T_le_v4SPD16_eabi.lib</file>
         <name>copy_decompress_none.obj</name>
      </input_file>
      <input_file id="fl-c9">
         <path>C:\ti\ccsv7\tools\compiler\ti-cgt-arm_16.9.3.LTS\lib\</path>
         <kind>archive</kind>
         <file>rtsv7M4_T_le_v4SPD16_eabi.lib</file>
         <name>copy_zero_init.obj</name>
      </input_file>
      <input_file id="fl-ca">
         <path>C:\ti\ccsv7\tools\compiler\ti-cgt-arm_16.9.3.LTS\lib\</path>
         <kind>archive</kind>
         <file>rtsv7M4_T_le_v4SPD16_eabi.lib</file>
         <name>e_atan2.obj</name>
      </input_file>
      <input_file id="fl-cb">
         <path>C:\ti\ccsv7\tools\compiler\ti-cgt-arm_16.9.3.LTS\lib\</path>
         <kind>archive</kind>
         <file>rtsv7M4_T_le_v4SPD16_eabi.lib</file>
         <name>e_sqrt.obj</name>
      </input_file>
      <input_file id="fl-cc">
         <path>C:\ti\ccsv7\tools\compiler\ti-cgt-arm_16.9.3.LTS\lib\</path>
         <kind>archive</kind>
         <file>rtsv7M4_T_le_v4SPD16_eabi.lib</file>
         <name>errno.obj</name>
      </input_file>
      <input_file id="fl-cd">
         <path>C:\ti\ccsv7\tools\compiler\ti-cgt-arm_16.9.3.LTS\lib\</path>
         <kind>archive</kind>
         <file>rtsv7M4_T_le_v4SPD16_eabi.lib</file>
         <name>exit.obj</name>
      </input_file>
      <input_file id="fl-ce">
         <path>C:\ti\ccsv7\tools\compiler\ti-cgt-arm_16.9.3.LTS\lib\</path>
         <kind>archive</kind>
         <file>rtsv7M4_T_le_v4SPD16_eabi.lib</file>
         <name>fd_add_t2.obj</name>
      </input_file>
      <input_file id="fl-cf">
         <path>C:\ti\ccsv7\tools\compiler\ti-cgt-arm_16.9.3.LTS\lib\</path>
         <kind>archive</kind>
         <file>rtsv7M4_T_le_v4SPD16_eabi.lib</file>
         <name>fd_cmp_t2.obj</name>
      </input_file>
      <input_file id="fl-d0">
         <path>C:\ti\ccsv7\tools\compiler\ti-cgt-arm_16.9.3.LTS\lib\</path>
         <kind>archive</kind>
         <file>rtsv7M4_T_le_v4SPD16_eabi.lib</file>
         <name>fd_div_t2.obj</name>
      </input_file>
      <input_file id="fl-d1">
         <path>C:\ti\ccsv7\tools\compiler\ti-cgt-arm_16.9.3.LTS\lib\</path>
         <kind>archive</kind>
         <file>rtsv7M4_T_le_v4SPD16_eabi.lib</file>
         <name>fd_mul_t2.obj</name>
      </input_file>
      <input_file id="fl-d2">
         <path>C:\ti\ccsv7\tools\compiler\ti-cgt-arm_16.9.3.LTS\lib\</path>
         <kind>archive</kind>
         <file>rtsv7M4_T_le_v4SPD16_eabi.lib</file>
         <name>fd_toi_t2.obj</name>
      </input_file>
      <input_file id="fl-d3">
         <path>C:\ti\ccsv7\tools\compiler\ti-cgt-arm_16.9.3.LTS\lib\</path>
         <kind>archive</kind>
         <file>rtsv7M4_T_le_v4SPD16_eabi.lib</file>
         <name>fd_tos_t2.obj</name>
      </input_file>
      <input_file id="fl-d4">
         <path>C:\ti\ccsv7\tools\compiler\ti-cgt-arm_16.9.3.LTS\lib\</path>
         <kind>archive</kind>
         <file>rtsv7M4_T_le_v4SPD16_eabi.lib</file>
         <name>fs_tod_t2.obj</name>
      </input_file>
      <input_file id="fl-d5">
         <path>C:\ti\ccsv7\tools\compiler\ti-cgt-arm_16.9.3.LTS\lib\</path>
         <kind>archive</kind>
         <file>rtsv7M4_T_le_v4SPD16_eabi.lib</file>
         <name>i_tofd_t2.obj</name>
      </input_file>
      <input_file id="fl-d6">
         <path>C:\ti\ccsv7\tools\compiler\ti-cgt-arm_16.9.3.LTS\lib\</path>
         <kind>archive</kind>
         <file>rtsv7M4_T_le_v4SPD16_eabi.lib</file>
         <name>memcpy_t2.obj</name>
      </input_file>
      <input_file id="fl-d7">
         <path>C:\ti\ccsv7\tools\compiler\ti-cgt-arm_16.9.3.LTS\lib\</path>
         <kind>archive</kind>
         <file>rtsv7M4_T_le_v4SPD16_eabi.lib</file>
         <name>memset_t2.obj</name>
      </input_file>
      <input_file id="fl-d8">
         <path>C:\ti\ccsv7\tools\compiler\ti-cgt-arm_16.9.3.LTS\lib\</path>
         <kind>archive</kind>
         <file>rtsv7M4_T_le_v4SPD16_eabi.lib</file>
         <name>mpu_init.obj</name>
      </input_file>
      <input_file id="fl-d9">
         <path>C:\ti\ccsv7\tools\compiler\ti-cgt-arm_16.9.3.LTS\lib\</path>
         <kind>archive</kind>
         <file>rtsv7M4_T_le_v4SPD16_eabi.lib</file>
         <name>pre_init.obj</name>
      </input_file>
      <input_file id="fl-da">
         <path>C:\ti\ccsv7\tools\compiler\ti-cgt-arm_16.9.3.LTS\lib\</path>
         <kind>archive</kind>
         <file>rtsv7M4_T_le_v4SPD16_eabi.lib</file>
         <name>s_atan.obj</name>
      </input_file>
      <input_file id="fl-db">
         <path>C:\ti\ccsv7\tools\compiler\ti-cgt-arm_16.9.3.LTS\lib\</path>
         <kind>archive</kind>
         <file>rtsv7M4_T_le_v4SPD16_eabi.lib</file>
         <name>stkdepth_vars.obj</name>
      </input_file>
      <input_file id="fl-dc">
         <path>C:\ti\ccsv7\tools\compiler\ti-cgt-arm_16.9.3.LTS\lib\</path>
         <kind>archive</kind>
         <file>rtsv7M4_T_le_v4SPD16_eabi.lib</file>
         <name>_lock.obj</name>
      </input_file>
      <input_file id="fl-dd">
         <path>C:\ti\ccsv7\tools\compiler\ti-cgt-arm_16.9.3.LTS\lib\</path>
         <kind>archive</kind>
         <file>rtsv7M4_T_le_v4SPD16_eabi.lib</file>
         <name>args_main.obj</name>
      </input_file>
      <input_file id="fl-de">
         <path>C:\ti\ccsv7\tools\compiler\ti-cgt-arm_16.9.3.LTS\lib\</path>
         <kind>archive</kind>
         <file>rtsv7M4_T_le_v4SPD16_eabi.lib</file>
         <name>autoinit.obj</name>
      </input_file>
      <input_file id="fl-df">
         <path>C:\ti\ccsv7\tools\compiler\ti-cgt-arm_16.9.3.LTS\lib\</path>
         <kind>archive</kind>
         <file>rtsv7M4_T_le_v4SPD16_eabi.lib</file>
         <name>cpy_tbl.obj</name>
      </input_file>
      <input_file id="fl-e0">
         <path>C:\ti\ccsv7\tools\compiler\ti-cgt-arm_16.9.3.LTS\lib\</path>
         <kind>archive</kind>
         <file>rtsv7M4_T_le_v4SPD16_eabi.lib</file>
         <name>startup.obj</name>
      </input_file>
   </input_file_list>
   <object_component_list>
      <object_component id="oc-f">
         <name>.intvecs</name>
         <load_address>0x0</load_address>
         <run_address>0x0</run_address>
         <size>0x26c</size>
         <input_file_ref idref="fl-3"/>
      </object_component>
      <object_component id="oc-112">
         <name>.text</name>
         <load_address>0x26c</load_address>
         <run_address>0x26c</run_address>
         <size>0xbf4</size>
         <input_file_ref idref="fl-4"/>
      </object_component>
      <object_component id="oc-1f5">
         <name>.text</name>
         <load_address>0xe60</load_address>
         <run_address>0xe60</run_address>
         <size>0x2ec</size>
         <input_file_ref idref="fl-da"/>
      </object_component>
      <object_component id="oc-1da">
         <name>.text</name>
         <load_address>0x114c</load_address>
         <run_address>0x114c</run_address>
         <size>0x1ec</size>
         <input_file_ref idref="fl-ca"/>
      </object_component>
      <object_component id="oc-1e5">
         <name>.text</name>
         <load_address>0x1338</load_address>
         <run_address>0x1338</run_address>
         <size>0x1b6</size>
         <input_file_ref idref="fl-ce"/>
      </object_component>
      <object_component id="oc-57">
         <name>.text</name>
         <load_address>0x14ee</load_address>
         <run_address>0x14ee</run_address>
         <size>0x2</size>
         <input_file_ref idref="fl-d8"/>
      </object_component>
      <object_component id="oc-1ea">
         <name>.text</name>
         <load_address>0x14f0</load_address>
         <run_address>0x14f0</run_address>
         <size>0x170</size>
         <input_file_ref idref="fl-cb"/>
      </object_component>
      <object_component id="oc-1f0">
         <name>.text</name>
         <load_address>0x1660</load_address>
         <run_address>0x1660</run_address>
         <size>0x136</size>
         <input_file_ref idref="fl-d0"/>
      </object_component>
      <object_component id="oc-144">
         <name>.text:GPIOPadConfigSet</name>
         <load_address>0x1796</load_address>
         <run_address>0x1796</run_address>
         <size>0x132</size>
         <input_file_ref idref="fl-a"/>
      </object_component>
      <object_component id="oc-f4">
         <name>.text:SysCtlClockGet</name>
         <load_address>0x18c8</load_address>
         <run_address>0x18c8</run_address>
         <size>0x110</size>
         <input_file_ref idref="fl-d"/>
      </object_component>
      <object_component id="oc-1e0">
         <name>.text</name>
         <load_address>0x19d8</load_address>
         <run_address>0x19d8</run_address>
         <size>0xfc</size>
         <input_file_ref idref="fl-d1"/>
      </object_component>
      <object_component id="oc-d6">
         <name>.text:SysCtlClockSet</name>
         <load_address>0x1ad4</load_address>
         <run_address>0x1ad4</run_address>
         <size>0xf4</size>
         <input_file_ref idref="fl-d"/>
      </object_component>
      <object_component id="oc-a7">
         <name>.text</name>
         <load_address>0x1bc8</load_address>
         <run_address>0x1bc8</run_address>
         <size>0xd4</size>
         <input_file_ref idref="fl-2"/>
      </object_component>
      <object_component id="oc-3f">
         <name>.text</name>
         <load_address>0x1c9c</load_address>
         <run_address>0x1c9c</run_address>
         <size>0x9c</size>
         <input_file_ref idref="fl-d6"/>
      </object_component>
      <object_component id="oc-209">
         <name>.text:__aeabi_cdcmple</name>
         <load_address>0x1d38</load_address>
         <run_address>0x1d38</run_address>
         <size>0x86</size>
         <input_file_ref idref="fl-cf"/>
      </object_component>
      <object_component id="oc-20e">
         <name>.text:__aeabi_cdrcmple</name>
         <load_address>0x1dbe</load_address>
         <run_address>0x1dbe</run_address>
         <size>0x86</size>
         <input_file_ref idref="fl-cf"/>
      </object_component>
      <object_component id="oc-4b">
         <name>.text</name>
         <load_address>0x1e44</load_address>
         <run_address>0x1e44</run_address>
         <size>0x7a</size>
         <input_file_ref idref="fl-d7"/>
      </object_component>
      <object_component id="oc-9f">
         <name>.text</name>
         <load_address>0x1ebe</load_address>
         <run_address>0x1ebe</run_address>
         <size>0x2</size>
         <input_file_ref idref="fl-e0"/>
      </object_component>
      <object_component id="oc-63">
         <name>.text</name>
         <load_address>0x1ec0</load_address>
         <run_address>0x1ec0</run_address>
         <size>0x70</size>
         <input_file_ref idref="fl-de"/>
      </object_component>
      <object_component id="oc-1fb">
         <name>.text</name>
         <load_address>0x1f30</load_address>
         <run_address>0x1f30</run_address>
         <size>0x6e</size>
         <input_file_ref idref="fl-d3"/>
      </object_component>
      <object_component id="oc-100">
         <name>.text:IntEnable</name>
         <load_address>0x1fa0</load_address>
         <run_address>0x1fa0</run_address>
         <size>0x68</size>
         <input_file_ref idref="fl-c"/>
      </object_component>
      <object_component id="oc-12">
         <name>.text:decompress:lzss</name>
         <load_address>0x2008</load_address>
         <run_address>0x2008</run_address>
         <size>0x68</size>
         <input_file_ref idref="fl-c7"/>
      </object_component>
      <object_component id="oc-1b1">
         <name>.text:TimerConfigure</name>
         <load_address>0x2070</load_address>
         <run_address>0x2070</run_address>
         <size>0x60</size>
         <input_file_ref idref="fl-e"/>
      </object_component>
      <object_component id="oc-24">
         <name>.text</name>
         <load_address>0x20d0</load_address>
         <run_address>0x20d0</run_address>
         <size>0x54</size>
         <input_file_ref idref="fl-c6"/>
      </object_component>
      <object_component id="oc-6f">
         <name>.text</name>
         <load_address>0x2124</load_address>
         <run_address>0x2124</run_address>
         <size>0x54</size>
         <input_file_ref idref="fl-cd"/>
      </object_component>
      <object_component id="oc-181">
         <name>.text:I2CMasterInitExpClk</name>
         <load_address>0x2178</load_address>
         <run_address>0x2178</run_address>
         <size>0x4c</size>
         <input_file_ref idref="fl-b"/>
      </object_component>
      <object_component id="oc-257">
         <name>.text:_TimerIntNumberGet</name>
         <load_address>0x21c4</load_address>
         <run_address>0x21c4</run_address>
         <size>0x4c</size>
         <input_file_ref idref="fl-e"/>
      </object_component>
      <object_component id="oc-99">
         <name>.text</name>
         <load_address>0x2210</load_address>
         <run_address>0x2210</run_address>
         <size>0x4c</size>
         <input_file_ref idref="fl-df"/>
      </object_component>
      <object_component id="oc-e8">
         <name>.text:GPIOPinConfigure</name>
         <load_address>0x225c</load_address>
         <run_address>0x225c</run_address>
         <size>0x48</size>
         <input_file_ref idref="fl-a"/>
      </object_component>
      <object_component id="oc-218">
         <name>.text</name>
         <load_address>0x22a4</load_address>
         <run_address>0x22a4</run_address>
         <size>0x48</size>
         <input_file_ref idref="fl-d2"/>
      </object_component>
      <object_component id="oc-fa">
         <name>.text:UARTConfigSetExpClk</name>
         <load_address>0x22ec</load_address>
         <run_address>0x22ec</run_address>
         <size>0x46</size>
         <input_file_ref idref="fl-f"/>
      </object_component>
      <object_component id="oc-213">
         <name>.text</name>
         <load_address>0x2332</load_address>
         <run_address>0x2332</run_address>
         <size>0x38</size>
         <input_file_ref idref="fl-d4"/>
      </object_component>
      <object_component id="oc-25d">
         <name>.text:IntRegister</name>
         <load_address>0x236c</load_address>
         <run_address>0x236c</run_address>
         <size>0x34</size>
         <input_file_ref idref="fl-c"/>
      </object_component>
      <object_component id="oc-dc">
         <name>.text:SysCtlPeripheralEnable</name>
         <load_address>0x23a0</load_address>
         <run_address>0x23a0</run_address>
         <size>0x34</size>
         <input_file_ref idref="fl-d"/>
      </object_component>
      <object_component id="oc-1d5">
         <name>.text</name>
         <load_address>0x23d4</load_address>
         <run_address>0x23d4</run_address>
         <size>0x2e</size>
         <input_file_ref idref="fl-d5"/>
      </object_component>
      <object_component id="oc-14a">
         <name>.text:GPIODirModeSet</name>
         <load_address>0x2402</load_address>
         <run_address>0x2402</run_address>
         <size>0x2a</size>
         <input_file_ref idref="fl-a"/>
      </object_component>
      <object_component id="oc-15b">
         <name>.text:UARTDisable</name>
         <load_address>0x242c</load_address>
         <run_address>0x242c</run_address>
         <size>0x20</size>
         <input_file_ref idref="fl-f"/>
      </object_component>
      <object_component id="oc-e2">
         <name>.text:GPIOPinTypeGPIOOutput</name>
         <load_address>0x244c</load_address>
         <run_address>0x244c</run_address>
         <size>0x18</size>
         <input_file_ref idref="fl-a"/>
      </object_component>
      <object_component id="oc-1cf">
         <name>.text:TimerControlStall</name>
         <load_address>0x2464</load_address>
         <run_address>0x2464</run_address>
         <size>0x18</size>
         <input_file_ref idref="fl-e"/>
      </object_component>
      <object_component id="oc-1bd">
         <name>.text:TimerIntRegister</name>
         <load_address>0x247c</load_address>
         <run_address>0x247c</run_address>
         <size>0x18</size>
         <input_file_ref idref="fl-e"/>
      </object_component>
      <object_component id="oc-69">
         <name>.text</name>
         <load_address>0x2494</load_address>
         <run_address>0x2494</run_address>
         <size>0x18</size>
         <input_file_ref idref="fl-dd"/>
      </object_component>
      <object_component id="oc-161">
         <name>.text:UARTEnable</name>
         <load_address>0x24ac</load_address>
         <run_address>0x24ac</run_address>
         <size>0x14</size>
         <input_file_ref idref="fl-f"/>
      </object_component>
      <object_component id="oc-127">
         <name>.text</name>
         <load_address>0x24c0</load_address>
         <run_address>0x24c0</run_address>
         <size>0x14</size>
         <input_file_ref idref="fl-dc"/>
      </object_component>
      <object_component id="oc-17b">
         <name>.text:GPIOPinTypeI2C</name>
         <load_address>0x24d4</load_address>
         <run_address>0x24d4</run_address>
         <size>0x12</size>
         <input_file_ref idref="fl-a"/>
      </object_component>
      <object_component id="oc-175">
         <name>.text:GPIOPinTypeI2CSCL</name>
         <load_address>0x24e6</load_address>
         <run_address>0x24e6</run_address>
         <size>0x12</size>
         <input_file_ref idref="fl-a"/>
      </object_component>
      <object_component id="oc-ee">
         <name>.text:GPIOPinTypeUART</name>
         <load_address>0x24f8</load_address>
         <run_address>0x24f8</run_address>
         <size>0x12</size>
         <input_file_ref idref="fl-a"/>
      </object_component>
      <object_component id="oc-1b7">
         <name>.text:TimerLoadSet</name>
         <load_address>0x250a</load_address>
         <run_address>0x250a</run_address>
         <size>0x12</size>
         <input_file_ref idref="fl-e"/>
      </object_component>
      <object_component id="oc-10c">
         <name>.text:IntMasterEnable</name>
         <load_address>0x251c</load_address>
         <run_address>0x251c</run_address>
         <size>0x10</size>
         <input_file_ref idref="fl-c"/>
      </object_component>
      <object_component id="oc-1c9">
         <name>.text:TimerEnable</name>
         <load_address>0x252c</load_address>
         <run_address>0x252c</run_address>
         <size>0xe</size>
         <input_file_ref idref="fl-e"/>
      </object_component>
      <object_component id="oc-18">
         <name>.text:decompress:none</name>
         <load_address>0x253a</load_address>
         <run_address>0x253a</run_address>
         <size>0xe</size>
         <input_file_ref idref="fl-c8"/>
      </object_component>
      <object_component id="oc-16e">
         <name>.text:CPUcpsie</name>
         <load_address>0x2548</load_address>
         <run_address>0x2548</run_address>
         <size>0xc</size>
         <input_file_ref idref="fl-10"/>
      </object_component>
      <object_component id="oc-1e">
         <name>.text:decompress:ZI</name>
         <load_address>0x2554</load_address>
         <run_address>0x2554</run_address>
         <size>0xc</size>
         <input_file_ref idref="fl-c9"/>
      </object_component>
      <object_component id="oc-2b">
         <name>.text</name>
         <load_address>0x2560</load_address>
         <run_address>0x2560</run_address>
         <size>0xc</size>
         <input_file_ref idref="fl-3"/>
      </object_component>
      <object_component id="oc-245">
         <name>.text:I2CMasterEnable</name>
         <load_address>0x256c</load_address>
         <run_address>0x256c</run_address>
         <size>0xa</size>
         <input_file_ref idref="fl-b"/>
      </object_component>
      <object_component id="oc-d0">
         <name>.text:UARTCharPut</name>
         <load_address>0x2576</load_address>
         <run_address>0x2576</run_address>
         <size>0xa</size>
         <input_file_ref idref="fl-f"/>
      </object_component>
      <object_component id="oc-199">
         <name>.text:I2CMasterBusy</name>
         <load_address>0x2580</load_address>
         <run_address>0x2580</run_address>
         <size>0x8</size>
         <input_file_ref idref="fl-b"/>
      </object_component>
      <object_component id="oc-187">
         <name>.text:I2CMasterSlaveAddrSet</name>
         <load_address>0x2588</load_address>
         <run_address>0x2588</run_address>
         <size>0x8</size>
         <input_file_ref idref="fl-b"/>
      </object_component>
      <object_component id="oc-1c3">
         <name>.text:TimerIntEnable</name>
         <load_address>0x2590</load_address>
         <run_address>0x2590</run_address>
         <size>0x8</size>
         <input_file_ref idref="fl-e"/>
      </object_component>
      <object_component id="oc-106">
         <name>.text:UARTIntEnable</name>
         <load_address>0x2598</load_address>
         <run_address>0x2598</run_address>
         <size>0x8</size>
         <input_file_ref idref="fl-f"/>
      </object_component>
      <object_component id="oc-1ab">
         <name>.text:GPIOPinWrite</name>
         <load_address>0x25a0</load_address>
         <run_address>0x25a0</run_address>
         <size>0x6</size>
         <input_file_ref idref="fl-a"/>
      </object_component>
      <object_component id="oc-118">
         <name>.text:SysCtlDelay</name>
         <load_address>0x25a6</load_address>
         <run_address>0x25a6</run_address>
         <size>0x6</size>
         <input_file_ref idref="fl-d"/>
      </object_component>
      <object_component id="oc-193">
         <name>.text:I2CMasterControl</name>
         <load_address>0x25ac</load_address>
         <run_address>0x25ac</run_address>
         <size>0x4</size>
         <input_file_ref idref="fl-b"/>
      </object_component>
      <object_component id="oc-19f">
         <name>.text:I2CMasterDataGet</name>
         <load_address>0x25b0</load_address>
         <run_address>0x25b0</run_address>
         <size>0x4</size>
         <input_file_ref idref="fl-b"/>
      </object_component>
      <object_component id="oc-18d">
         <name>.text:I2CMasterDataPut</name>
         <load_address>0x25b4</load_address>
         <run_address>0x25b4</run_address>
         <size>0x4</size>
         <input_file_ref idref="fl-b"/>
      </object_component>
      <object_component id="oc-1a5">
         <name>.text:TimerIntClear</name>
         <load_address>0x25b8</load_address>
         <run_address>0x25b8</run_address>
         <size>0x4</size>
         <input_file_ref idref="fl-e"/>
      </object_component>
      <object_component id="oc-5d">
         <name>.text</name>
         <load_address>0x25bc</load_address>
         <run_address>0x25bc</run_address>
         <size>0x4</size>
         <input_file_ref idref="fl-d9"/>
      </object_component>
      <object_component id="oc-277">
         <name>.const:$O1$$</name>
         <load_address>0x25c0</load_address>
         <run_address>0x25c0</run_address>
         <size>0x98</size>
         <input_file_ref idref="fl-da"/>
      </object_component>
      <object_component id="oc-152">
         <name>.const:g_pui32GPIOBaseAddrs</name>
         <load_address>0x2658</load_address>
         <run_address>0x2658</run_address>
         <size>0x90</size>
         <input_file_ref idref="fl-a"/>
      </object_component>
      <object_component id="oc-168">
         <name>.const</name>
         <load_address>0x26e8</load_address>
         <run_address>0x26e8</run_address>
         <size>0x70</size>
         <input_file_ref idref="fl-c"/>
      </object_component>
      <object_component id="oc-157">
         <name>.const:g_pui32Xtals</name>
         <load_address>0x2758</load_address>
         <run_address>0x2758</run_address>
         <size>0x6c</size>
         <input_file_ref idref="fl-d"/>
      </object_component>
      <object_component id="oc-28d">
         <name>.const:g_ppui32TimerIntMap</name>
         <load_address>0x27c4</load_address>
         <run_address>0x27c4</run_address>
         <size>0x60</size>
         <input_file_ref idref="fl-e"/>
      </object_component>
      <object_component id="oc-290">
         <name>.const:g_ppui32TimerIntMapSnowflake</name>
         <load_address>0x2824</load_address>
         <run_address>0x2824</run_address>
         <size>0x40</size>
         <input_file_ref idref="fl-e"/>
      </object_component>
      <object_component id="oc-2cc">
         <name>.cinit..data.load</name>
         <load_address>0x2868</load_address>
         <run_address>0x2868</run_address>
         <size>0x1f</size>
      </object_component>
      <object_component id="oc-2c9">
         <name>__TI_handler_table</name>
         <load_address>0x2888</load_address>
         <run_address>0x2888</run_address>
         <size>0xc</size>
      </object_component>
      <object_component id="oc-2cd">
         <name>.cinit..bss.load</name>
         <load_address>0x2898</load_address>
         <run_address>0x2898</run_address>
         <size>0x8</size>
      </object_component>
      <object_component id="oc-2cb">
         <name>.cinit..vtable.load</name>
         <load_address>0x28a0</load_address>
         <run_address>0x28a0</run_address>
         <size>0x8</size>
      </object_component>
      <object_component id="oc-2ca">
         <name>__TI_cinit_table</name>
         <load_address>0x28a8</load_address>
         <run_address>0x28a8</run_address>
         <size>0x18</size>
      </object_component>
      <object_component id="oc-294">
         <name>.vtable</name>
         <uninitialized>true</uninitialized>
         <run_address>0x20000000</run_address>
         <size>0x26c</size>
         <input_file_ref idref="fl-c"/>
      </object_component>
      <object_component id="oc-200">
         <name>.data</name>
         <load_address>0x200006f0</load_address>
         <run_address>0x200006f0</run_address>
         <size>0x19</size>
         <input_file_ref idref="fl-4"/>
      </object_component>
      <object_component id="oc-271">
         <name>.data</name>
         <load_address>0x20000720</load_address>
         <run_address>0x20000720</run_address>
         <size>0x4</size>
         <input_file_ref idref="fl-cc"/>
      </object_component>
      <object_component id="oc-af">
         <name>.data:$O1$$</name>
         <load_address>0x2000070c</load_address>
         <run_address>0x2000070c</run_address>
         <size>0xc</size>
         <input_file_ref idref="fl-cd"/>
      </object_component>
      <object_component id="oc-75">
         <name>.data</name>
         <load_address>0x20000724</load_address>
         <run_address>0x20000724</run_address>
         <size>0x4</size>
         <input_file_ref idref="fl-db"/>
      </object_component>
      <object_component id="oc-b2">
         <name>.data:$O1$$</name>
         <load_address>0x20000718</load_address>
         <run_address>0x20000718</run_address>
         <size>0x8</size>
         <input_file_ref idref="fl-dc"/>
      </object_component>
      <object_component id="oc-203">
         <name>.bss</name>
         <uninitialized>true</uninitialized>
         <run_address>0x200006b0</run_address>
         <size>0xc</size>
         <input_file_ref idref="fl-4"/>
      </object_component>
      <object_component id="oc-222">
         <name>.bss:f_P</name>
         <uninitialized>true</uninitialized>
         <run_address>0x200006a0</run_address>
         <size>0x10</size>
         <input_file_ref idref="fl-4"/>
      </object_component>
      <object_component id="oc-119">
         <name>.common:i16_Accel_Raw</name>
         <uninitialized>true</uninitialized>
         <run_address>0x20000670</run_address>
         <size>0x18</size>
      </object_component>
      <object_component id="oc-11c">
         <name>.common:i16_Gyro_Raw</name>
         <uninitialized>true</uninitialized>
         <run_address>0x20000688</run_address>
         <size>0x18</size>
      </object_component>
      <object_component id="oc-21d">
         <name>.common:gyroXangle</name>
         <uninitialized>true</uninitialized>
         <run_address>0x200006d0</run_address>
         <size>0x8</size>
      </object_component>
      <object_component id="oc-21e">
         <name>.common:gyroYangle</name>
         <uninitialized>true</uninitialized>
         <run_address>0x200006d8</run_address>
         <size>0x8</size>
      </object_component>
      <object_component id="oc-21f">
         <name>.common:compAngleX</name>
         <uninitialized>true</uninitialized>
         <run_address>0x200006c0</run_address>
         <size>0x8</size>
      </object_component>
      <object_component id="oc-206">
         <name>.common:compAngleY</name>
         <uninitialized>true</uninitialized>
         <run_address>0x200006c8</run_address>
         <size>0x8</size>
      </object_component>
      <object_component id="oc-220">
         <name>.common:kalAngleX</name>
         <uninitialized>true</uninitialized>
         <run_address>0x200006e0</run_address>
         <size>0x8</size>
      </object_component>
      <object_component id="oc-221">
         <name>.common:kalAngleY</name>
         <uninitialized>true</uninitialized>
         <run_address>0x200006e8</run_address>
         <size>0x8</size>
      </object_component>
      <object_component id="oc-2a">
         <name>.stack</name>
         <uninitialized>true</uninitialized>
         <run_address>0x2000026c</run_address>
         <size>0x0</size>
         <input_file_ref idref="fl-c6"/>
      </object_component>
      <object_component id="oc-2ce">
         <name>.stack</name>
         <uninitialized>true</uninitialized>
         <run_address>0x2000026c</run_address>
         <size>0x0</size>
      </object_component>
      <object_component id="oc-11a">
         <name>.debug_info</name>
         <load_address>0x0</load_address>
         <run_address>0x0</run_address>
         <size>0x5c0</size>
         <input_file_ref idref="fl-2"/>
      </object_component>
      <object_component id="oc-a8">
         <name>.debug_info</name>
         <load_address>0x5c0</load_address>
         <run_address>0x5c0</run_address>
         <size>0x36c</size>
         <input_file_ref idref="fl-2"/>
      </object_component>
      <object_component id="oc-ba">
         <name>.debug_info</name>
         <load_address>0x92c</load_address>
         <run_address>0x92c</run_address>
         <size>0x8b</size>
         <input_file_ref idref="fl-2"/>
      </object_component>
      <object_component id="oc-7c">
         <name>.debug_info</name>
         <load_address>0x9b7</load_address>
         <run_address>0x9b7</run_address>
         <size>0x18b</size>
         <input_file_ref idref="fl-2"/>
      </object_component>
      <object_component id="oc-33">
         <name>.debug_info</name>
         <load_address>0xb42</load_address>
         <run_address>0xb42</run_address>
         <size>0x29d</size>
         <input_file_ref idref="fl-3"/>
      </object_component>
      <object_component id="oc-10">
         <name>.debug_info</name>
         <load_address>0xddf</load_address>
         <run_address>0xddf</run_address>
         <size>0xee</size>
         <input_file_ref idref="fl-3"/>
      </object_component>
      <object_component id="oc-2e">
         <name>.debug_info</name>
         <load_address>0xecd</load_address>
         <run_address>0xecd</run_address>
         <size>0x26a</size>
         <input_file_ref idref="fl-3"/>
      </object_component>
      <object_component id="oc-3a">
         <name>.debug_info</name>
         <load_address>0x1137</load_address>
         <run_address>0x1137</run_address>
         <size>0x84</size>
         <input_file_ref idref="fl-3"/>
      </object_component>
      <object_component id="oc-207">
         <name>.debug_info</name>
         <load_address>0x11bb</load_address>
         <run_address>0x11bb</run_address>
         <size>0x8f3</size>
         <input_file_ref idref="fl-4"/>
      </object_component>
      <object_component id="oc-204">
         <name>.debug_info</name>
         <load_address>0x1aae</load_address>
         <run_address>0x1aae</run_address>
         <size>0x124</size>
         <input_file_ref idref="fl-4"/>
      </object_component>
      <object_component id="oc-201">
         <name>.debug_info</name>
         <load_address>0x1bd2</load_address>
         <run_address>0x1bd2</run_address>
         <size>0x18e</size>
         <input_file_ref idref="fl-4"/>
      </object_component>
      <object_component id="oc-223">
         <name>.debug_info</name>
         <load_address>0x1d60</load_address>
         <run_address>0x1d60</run_address>
         <size>0xd2</size>
         <input_file_ref idref="fl-4"/>
      </object_component>
      <object_component id="oc-113">
         <name>.debug_info</name>
         <load_address>0x1e32</load_address>
         <run_address>0x1e32</run_address>
         <size>0x1d52</size>
         <input_file_ref idref="fl-4"/>
      </object_component>
      <object_component id="oc-151">
         <name>.debug_info</name>
         <load_address>0x3b84</load_address>
         <run_address>0x3b84</run_address>
         <size>0x240</size>
         <input_file_ref idref="fl-a"/>
      </object_component>
      <object_component id="oc-153">
         <name>.debug_info</name>
         <load_address>0x3dc4</load_address>
         <run_address>0x3dc4</run_address>
         <size>0x15b</size>
         <input_file_ref idref="fl-a"/>
      </object_component>
      <object_component id="oc-1ac">
         <name>.debug_info</name>
         <load_address>0x3f1f</load_address>
         <run_address>0x3f1f</run_address>
         <size>0x2a3</size>
         <input_file_ref idref="fl-a"/>
      </object_component>
      <object_component id="oc-14b">
         <name>.debug_info</name>
         <load_address>0x41c2</load_address>
         <run_address>0x41c2</run_address>
         <size>0x2b3</size>
         <input_file_ref idref="fl-a"/>
      </object_component>
      <object_component id="oc-145">
         <name>.debug_info</name>
         <load_address>0x4475</load_address>
         <run_address>0x4475</run_address>
         <size>0x316</size>
         <input_file_ref idref="fl-a"/>
      </object_component>
      <object_component id="oc-ef">
         <name>.debug_info</name>
         <load_address>0x478b</load_address>
         <run_address>0x478b</run_address>
         <size>0x27b</size>
         <input_file_ref idref="fl-a"/>
      </object_component>
      <object_component id="oc-176">
         <name>.debug_info</name>
         <load_address>0x4a06</load_address>
         <run_address>0x4a06</run_address>
         <size>0x27f</size>
         <input_file_ref idref="fl-a"/>
      </object_component>
      <object_component id="oc-17c">
         <name>.debug_info</name>
         <load_address>0x4c85</load_address>
         <run_address>0x4c85</run_address>
         <size>0x279</size>
         <input_file_ref idref="fl-a"/>
      </object_component>
      <object_component id="oc-e3">
         <name>.debug_info</name>
         <load_address>0x4efe</load_address>
         <run_address>0x4efe</run_address>
         <size>0x2b7</size>
         <input_file_ref idref="fl-a"/>
      </object_component>
      <object_component id="oc-e9">
         <name>.debug_info</name>
         <load_address>0x51b5</load_address>
         <run_address>0x51b5</run_address>
         <size>0x280</size>
         <input_file_ref idref="fl-a"/>
      </object_component>
      <object_component id="oc-24c">
         <name>.debug_info</name>
         <load_address>0x5435</load_address>
         <run_address>0x5435</run_address>
         <size>0x231</size>
         <input_file_ref idref="fl-b"/>
      </object_component>
      <object_component id="oc-188">
         <name>.debug_info</name>
         <load_address>0x5666</load_address>
         <run_address>0x5666</run_address>
         <size>0x2ce</size>
         <input_file_ref idref="fl-b"/>
      </object_component>
      <object_component id="oc-246">
         <name>.debug_info</name>
         <load_address>0x5934</load_address>
         <run_address>0x5934</run_address>
         <size>0x24e</size>
         <input_file_ref idref="fl-b"/>
      </object_component>
      <object_component id="oc-182">
         <name>.debug_info</name>
         <load_address>0x5b82</load_address>
         <run_address>0x5b82</run_address>
         <size>0x2d5</size>
         <input_file_ref idref="fl-b"/>
      </object_component>
      <object_component id="oc-18e">
         <name>.debug_info</name>
         <load_address>0x5e57</load_address>
         <run_address>0x5e57</run_address>
         <size>0x27e</size>
         <input_file_ref idref="fl-b"/>
      </object_component>
      <object_component id="oc-1a0">
         <name>.debug_info</name>
         <load_address>0x60d5</load_address>
         <run_address>0x60d5</run_address>
         <size>0x254</size>
         <input_file_ref idref="fl-b"/>
      </object_component>
      <object_component id="oc-194">
         <name>.debug_info</name>
         <load_address>0x6329</load_address>
         <run_address>0x6329</run_address>
         <size>0x27e</size>
         <input_file_ref idref="fl-b"/>
      </object_component>
      <object_component id="oc-19a">
         <name>.debug_info</name>
         <load_address>0x65a7</load_address>
         <run_address>0x65a7</run_address>
         <size>0x24e</size>
         <input_file_ref idref="fl-b"/>
      </object_component>
      <object_component id="oc-16c">
         <name>.debug_info</name>
         <load_address>0x67f5</load_address>
         <run_address>0x67f5</run_address>
         <size>0x20e</size>
         <input_file_ref idref="fl-c"/>
      </object_component>
      <object_component id="oc-169">
         <name>.debug_info</name>
         <load_address>0x6a03</load_address>
         <run_address>0x6a03</run_address>
         <size>0x210</size>
         <input_file_ref idref="fl-c"/>
      </object_component>
      <object_component id="oc-295">
         <name>.debug_info</name>
         <load_address>0x6c13</load_address>
         <run_address>0x6c13</run_address>
         <size>0x157</size>
         <input_file_ref idref="fl-c"/>
      </object_component>
      <object_component id="oc-25f">
         <name>.debug_info</name>
         <load_address>0x6d6a</load_address>
         <run_address>0x6d6a</run_address>
         <size>0x2c1</size>
         <input_file_ref idref="fl-c"/>
      </object_component>
      <object_component id="oc-10d">
         <name>.debug_info</name>
         <load_address>0x702b</load_address>
         <run_address>0x702b</run_address>
         <size>0x23e</size>
         <input_file_ref idref="fl-c"/>
      </object_component>
      <object_component id="oc-101">
         <name>.debug_info</name>
         <load_address>0x7269</load_address>
         <run_address>0x7269</run_address>
         <size>0x268</size>
         <input_file_ref idref="fl-c"/>
      </object_component>
      <object_component id="oc-142">
         <name>.debug_info</name>
         <load_address>0x74d1</load_address>
         <run_address>0x74d1</run_address>
         <size>0x298</size>
         <input_file_ref idref="fl-d"/>
      </object_component>
      <object_component id="oc-158">
         <name>.debug_info</name>
         <load_address>0x7769</load_address>
         <run_address>0x7769</run_address>
         <size>0x14d</size>
         <input_file_ref idref="fl-d"/>
      </object_component>
      <object_component id="oc-de">
         <name>.debug_info</name>
         <load_address>0x78b6</load_address>
         <run_address>0x78b6</run_address>
         <size>0x27d</size>
         <input_file_ref idref="fl-d"/>
      </object_component>
      <object_component id="oc-d8">
         <name>.debug_info</name>
         <load_address>0x7b33</load_address>
         <run_address>0x7b33</run_address>
         <size>0x2db</size>
         <input_file_ref idref="fl-d"/>
      </object_component>
      <object_component id="oc-f6">
         <name>.debug_info</name>
         <load_address>0x7e0e</load_address>
         <run_address>0x7e0e</run_address>
         <size>0x2b5</size>
         <input_file_ref idref="fl-d"/>
      </object_component>
      <object_component id="oc-22f">
         <name>.debug_info</name>
         <load_address>0x80c3</load_address>
         <run_address>0x80c3</run_address>
         <size>0x5f</size>
         <input_file_ref idref="fl-d"/>
      </object_component>
      <object_component id="oc-253">
         <name>.debug_info</name>
         <load_address>0x8122</load_address>
         <run_address>0x8122</run_address>
         <size>0x223</size>
         <input_file_ref idref="fl-e"/>
      </object_component>
      <object_component id="oc-28e">
         <name>.debug_info</name>
         <load_address>0x8345</load_address>
         <run_address>0x8345</run_address>
         <size>0x15a</size>
         <input_file_ref idref="fl-e"/>
      </object_component>
      <object_component id="oc-291">
         <name>.debug_info</name>
         <load_address>0x849f</load_address>
         <run_address>0x849f</run_address>
         <size>0x16c</size>
         <input_file_ref idref="fl-e"/>
      </object_component>
      <object_component id="oc-1b8">
         <name>.debug_info</name>
         <load_address>0x860b</load_address>
         <run_address>0x860b</run_address>
         <size>0x2ba</size>
         <input_file_ref idref="fl-e"/>
      </object_component>
      <object_component id="oc-258">
         <name>.debug_info</name>
         <load_address>0x88c5</load_address>
         <run_address>0x88c5</run_address>
         <size>0x2eb</size>
         <input_file_ref idref="fl-e"/>
      </object_component>
      <object_component id="oc-1be">
         <name>.debug_info</name>
         <load_address>0x8bb0</load_address>
         <run_address>0x8bb0</run_address>
         <size>0x2e4</size>
         <input_file_ref idref="fl-e"/>
      </object_component>
      <object_component id="oc-1c4">
         <name>.debug_info</name>
         <load_address>0x8e94</load_address>
         <run_address>0x8e94</run_address>
         <size>0x294</size>
         <input_file_ref idref="fl-e"/>
      </object_component>
      <object_component id="oc-1a6">
         <name>.debug_info</name>
         <load_address>0x9128</load_address>
         <run_address>0x9128</run_address>
         <size>0x292</size>
         <input_file_ref idref="fl-e"/>
      </object_component>
      <object_component id="oc-1ca">
         <name>.debug_info</name>
         <load_address>0x93ba</load_address>
         <run_address>0x93ba</run_address>
         <size>0x27f</size>
         <input_file_ref idref="fl-e"/>
      </object_component>
      <object_component id="oc-1d0">
         <name>.debug_info</name>
         <load_address>0x9639</load_address>
         <run_address>0x9639</run_address>
         <size>0x2b8</size>
         <input_file_ref idref="fl-e"/>
      </object_component>
      <object_component id="oc-1b2">
         <name>.debug_info</name>
         <load_address>0x98f1</load_address>
         <run_address>0x98f1</run_address>
         <size>0x28c</size>
         <input_file_ref idref="fl-e"/>
      </object_component>
      <object_component id="oc-140">
         <name>.debug_info</name>
         <load_address>0x9b7d</load_address>
         <run_address>0x9b7d</run_address>
         <size>0x227</size>
         <input_file_ref idref="fl-f"/>
      </object_component>
      <object_component id="oc-107">
         <name>.debug_info</name>
         <load_address>0x9da4</load_address>
         <run_address>0x9da4</run_address>
         <size>0x28f</size>
         <input_file_ref idref="fl-f"/>
      </object_component>
      <object_component id="oc-162">
         <name>.debug_info</name>
         <load_address>0xa033</load_address>
         <run_address>0xa033</run_address>
         <size>0x247</size>
         <input_file_ref idref="fl-f"/>
      </object_component>
      <object_component id="oc-15c">
         <name>.debug_info</name>
         <load_address>0xa27a</load_address>
         <run_address>0xa27a</run_address>
         <size>0x249</size>
         <input_file_ref idref="fl-f"/>
      </object_component>
      <object_component id="oc-fb">
         <name>.debug_info</name>
         <load_address>0xa4c3</load_address>
         <run_address>0xa4c3</run_address>
         <size>0x326</size>
         <input_file_ref idref="fl-f"/>
      </object_component>
      <object_component id="oc-d1">
         <name>.debug_info</name>
         <load_address>0xa7e9</load_address>
         <run_address>0xa7e9</run_address>
         <size>0x273</size>
         <input_file_ref idref="fl-f"/>
      </object_component>
      <object_component id="oc-172">
         <name>.debug_info</name>
         <load_address>0xaa5c</load_address>
         <run_address>0xaa5c</run_address>
         <size>0x212</size>
         <input_file_ref idref="fl-10"/>
      </object_component>
      <object_component id="oc-25">
         <name>.debug_info</name>
         <load_address>0xac6e</load_address>
         <run_address>0xac6e</run_address>
         <size>0x160</size>
         <input_file_ref idref="fl-c6"/>
      </object_component>
      <object_component id="oc-86">
         <name>.debug_info</name>
         <load_address>0xadce</load_address>
         <run_address>0xadce</run_address>
         <size>0x293</size>
         <input_file_ref idref="fl-c7"/>
      </object_component>
      <object_component id="oc-16">
         <name>.debug_info</name>
         <load_address>0xb061</load_address>
         <run_address>0xb061</run_address>
         <size>0x245</size>
         <input_file_ref idref="fl-c7"/>
      </object_component>
      <object_component id="oc-35">
         <name>.debug_info</name>
         <load_address>0xb2a6</load_address>
         <run_address>0xb2a6</run_address>
         <size>0x60</size>
         <input_file_ref idref="fl-c7"/>
      </object_component>
      <object_component id="oc-81">
         <name>.debug_info</name>
         <load_address>0xb306</load_address>
         <run_address>0xb306</run_address>
         <size>0x46</size>
         <input_file_ref idref="fl-c7"/>
      </object_component>
      <object_component id="oc-4a">
         <name>.debug_info</name>
         <load_address>0xb34c</load_address>
         <run_address>0xb34c</run_address>
         <size>0x2da</size>
         <input_file_ref idref="fl-c8"/>
      </object_component>
      <object_component id="oc-19">
         <name>.debug_info</name>
         <load_address>0xb626</load_address>
         <run_address>0xb626</run_address>
         <size>0x1df</size>
         <input_file_ref idref="fl-c8"/>
      </object_component>
      <object_component id="oc-45">
         <name>.debug_info</name>
         <load_address>0xb805</load_address>
         <run_address>0xb805</run_address>
         <size>0x46</size>
         <input_file_ref idref="fl-c8"/>
      </object_component>
      <object_component id="oc-88">
         <name>.debug_info</name>
         <load_address>0xb84b</load_address>
         <run_address>0xb84b</run_address>
         <size>0x2c</size>
         <input_file_ref idref="fl-c8"/>
      </object_component>
      <object_component id="oc-56">
         <name>.debug_info</name>
         <load_address>0xb877</load_address>
         <run_address>0xb877</run_address>
         <size>0x2c9</size>
         <input_file_ref idref="fl-c9"/>
      </object_component>
      <object_component id="oc-1f">
         <name>.debug_info</name>
         <load_address>0xbb40</load_address>
         <run_address>0xbb40</run_address>
         <size>0x1aa</size>
         <input_file_ref idref="fl-c9"/>
      </object_component>
      <object_component id="oc-51">
         <name>.debug_info</name>
         <load_address>0xbcea</load_address>
         <run_address>0xbcea</run_address>
         <size>0x46</size>
         <input_file_ref idref="fl-c9"/>
      </object_component>
      <object_component id="oc-90">
         <name>.debug_info</name>
         <load_address>0xbd30</load_address>
         <run_address>0xbd30</run_address>
         <size>0x2c</size>
         <input_file_ref idref="fl-c9"/>
      </object_component>
      <object_component id="oc-269">
         <name>.debug_info</name>
         <load_address>0xbd5c</load_address>
         <run_address>0xbd5c</run_address>
         <size>0x2ea</size>
         <input_file_ref idref="fl-ca"/>
      </object_component>
      <object_component id="oc-1db">
         <name>.debug_info</name>
         <load_address>0xc046</load_address>
         <run_address>0xc046</run_address>
         <size>0x23c</size>
         <input_file_ref idref="fl-ca"/>
      </object_component>
      <object_component id="oc-26a">
         <name>.debug_info</name>
         <load_address>0xc282</load_address>
         <run_address>0xc282</run_address>
         <size>0x39</size>
         <input_file_ref idref="fl-ca"/>
      </object_component>
      <object_component id="oc-275">
         <name>.debug_info</name>
         <load_address>0xc2bb</load_address>
         <run_address>0xc2bb</run_address>
         <size>0x2e3</size>
         <input_file_ref idref="fl-cb"/>
      </object_component>
      <object_component id="oc-1ec">
         <name>.debug_info</name>
         <load_address>0xc59e</load_address>
         <run_address>0xc59e</run_address>
         <size>0x240</size>
         <input_file_ref idref="fl-cb"/>
      </object_component>
      <object_component id="oc-272">
         <name>.debug_info</name>
         <load_address>0xc7de</load_address>
         <run_address>0xc7de</run_address>
         <size>0xf3</size>
         <input_file_ref idref="fl-cc"/>
      </object_component>
      <object_component id="oc-b6">
         <name>.debug_info</name>
         <load_address>0xc8d1</load_address>
         <run_address>0xc8d1</run_address>
         <size>0x3ce</size>
         <input_file_ref idref="fl-cd"/>
      </object_component>
      <object_component id="oc-b0">
         <name>.debug_info</name>
         <load_address>0xcc9f</load_address>
         <run_address>0xcc9f</run_address>
         <size>0x185</size>
         <input_file_ref idref="fl-cd"/>
      </object_component>
      <object_component id="oc-70">
         <name>.debug_info</name>
         <load_address>0xce24</load_address>
         <run_address>0xce24</run_address>
         <size>0x214</size>
         <input_file_ref idref="fl-cd"/>
      </object_component>
      <object_component id="oc-1e6">
         <name>.debug_info</name>
         <load_address>0xd038</load_address>
         <run_address>0xd038</run_address>
         <size>0x144</size>
         <input_file_ref idref="fl-ce"/>
      </object_component>
      <object_component id="oc-20a">
         <name>.debug_info</name>
         <load_address>0xd17c</load_address>
         <run_address>0xd17c</run_address>
         <size>0x120</size>
         <input_file_ref idref="fl-cf"/>
      </object_component>
      <object_component id="oc-20f">
         <name>.debug_info</name>
         <load_address>0xd29c</load_address>
         <run_address>0xd29c</run_address>
         <size>0x122</size>
         <input_file_ref idref="fl-cf"/>
      </object_component>
      <object_component id="oc-1f1">
         <name>.debug_info</name>
         <load_address>0xd3be</load_address>
         <run_address>0xd3be</run_address>
         <size>0x132</size>
         <input_file_ref idref="fl-d0"/>
      </object_component>
      <object_component id="oc-1e2">
         <name>.debug_info</name>
         <load_address>0xd4f0</load_address>
         <run_address>0xd4f0</run_address>
         <size>0x132</size>
         <input_file_ref idref="fl-d1"/>
      </object_component>
      <object_component id="oc-21a">
         <name>.debug_info</name>
         <load_address>0xd622</load_address>
         <run_address>0xd622</run_address>
         <size>0x126</size>
         <input_file_ref idref="fl-d2"/>
      </object_component>
      <object_component id="oc-1fc">
         <name>.debug_info</name>
         <load_address>0xd748</load_address>
         <run_address>0xd748</run_address>
         <size>0x136</size>
         <input_file_ref idref="fl-d3"/>
      </object_component>
      <object_component id="oc-215">
         <name>.debug_info</name>
         <load_address>0xd87e</load_address>
         <run_address>0xd87e</run_address>
         <size>0x124</size>
         <input_file_ref idref="fl-d4"/>
      </object_component>
      <object_component id="oc-1d7">
         <name>.debug_info</name>
         <load_address>0xd9a2</load_address>
         <run_address>0xd9a2</run_address>
         <size>0x124</size>
         <input_file_ref idref="fl-d5"/>
      </object_component>
      <object_component id="oc-41">
         <name>.debug_info</name>
         <load_address>0xdac6</load_address>
         <run_address>0xdac6</run_address>
         <size>0x111</size>
         <input_file_ref idref="fl-d6"/>
      </object_component>
      <object_component id="oc-4d">
         <name>.debug_info</name>
         <load_address>0xdbd7</load_address>
         <run_address>0xdbd7</run_address>
         <size>0x13f</size>
         <input_file_ref idref="fl-d7"/>
      </object_component>
      <object_component id="oc-58">
         <name>.debug_info</name>
         <load_address>0xdd16</load_address>
         <run_address>0xdd16</run_address>
         <size>0x138</size>
         <input_file_ref idref="fl-d8"/>
      </object_component>
      <object_component id="oc-5f">
         <name>.debug_info</name>
         <load_address>0xde4e</load_address>
         <run_address>0xde4e</run_address>
         <size>0x148</size>
         <input_file_ref idref="fl-d9"/>
      </object_component>
      <object_component id="oc-2a0">
         <name>.debug_info</name>
         <load_address>0xdf96</load_address>
         <run_address>0xdf96</run_address>
         <size>0x333</size>
         <input_file_ref idref="fl-da"/>
      </object_component>
      <object_component id="oc-278">
         <name>.debug_info</name>
         <load_address>0xe2c9</load_address>
         <run_address>0xe2c9</run_address>
         <size>0x126</size>
         <input_file_ref idref="fl-da"/>
      </object_component>
      <object_component id="oc-1f6">
         <name>.debug_info</name>
         <load_address>0xe3ef</load_address>
         <run_address>0xe3ef</run_address>
         <size>0x4a1</size>
         <input_file_ref idref="fl-da"/>
      </object_component>
      <object_component id="oc-76">
         <name>.debug_info</name>
         <load_address>0xe890</load_address>
         <run_address>0xe890</run_address>
         <size>0x109</size>
         <input_file_ref idref="fl-db"/>
      </object_component>
      <object_component id="oc-12f">
         <name>.debug_info</name>
         <load_address>0xe999</load_address>
         <run_address>0xe999</run_address>
         <size>0x2be</size>
         <input_file_ref idref="fl-dc"/>
      </object_component>
      <object_component id="oc-b3">
         <name>.debug_info</name>
         <load_address>0xec57</load_address>
         <run_address>0xec57</run_address>
         <size>0x113</size>
         <input_file_ref idref="fl-dc"/>
      </object_component>
      <object_component id="oc-12a">
         <name>.debug_info</name>
         <load_address>0xed6a</load_address>
         <run_address>0xed6a</run_address>
         <size>0x21f</size>
         <input_file_ref idref="fl-dc"/>
      </object_component>
      <object_component id="oc-ae">
         <name>.debug_info</name>
         <load_address>0xef89</load_address>
         <run_address>0xef89</run_address>
         <size>0x300</size>
         <input_file_ref idref="fl-dd"/>
      </object_component>
      <object_component id="oc-6a">
         <name>.debug_info</name>
         <load_address>0xf289</load_address>
         <run_address>0xf289</run_address>
         <size>0x167</size>
         <input_file_ref idref="fl-dd"/>
      </object_component>
      <object_component id="oc-120">
         <name>.debug_info</name>
         <load_address>0xf3f0</load_address>
         <run_address>0xf3f0</run_address>
         <size>0x5e</size>
         <input_file_ref idref="fl-dd"/>
      </object_component>
      <object_component id="oc-a6">
         <name>.debug_info</name>
         <load_address>0xf44e</load_address>
         <run_address>0xf44e</run_address>
         <size>0x483</size>
         <input_file_ref idref="fl-de"/>
      </object_component>
      <object_component id="oc-64">
         <name>.debug_info</name>
         <load_address>0xf8d1</load_address>
         <run_address>0xf8d1</run_address>
         <size>0x190</size>
         <input_file_ref idref="fl-de"/>
      </object_component>
      <object_component id="oc-c6">
         <name>.debug_info</name>
         <load_address>0xfa61</load_address>
         <run_address>0xfa61</run_address>
         <size>0x39</size>
         <input_file_ref idref="fl-de"/>
      </object_component>
      <object_component id="oc-13a">
         <name>.debug_info</name>
         <load_address>0xfa9a</load_address>
         <run_address>0xfa9a</run_address>
         <size>0x39</size>
         <input_file_ref idref="fl-de"/>
      </object_component>
      <object_component id="oc-cb">
         <name>.debug_info</name>
         <load_address>0xfad3</load_address>
         <run_address>0xfad3</run_address>
         <size>0xcd</size>
         <input_file_ref idref="fl-de"/>
      </object_component>
      <object_component id="oc-c2">
         <name>.debug_info</name>
         <load_address>0xfba0</load_address>
         <run_address>0xfba0</run_address>
         <size>0x37a</size>
         <input_file_ref idref="fl-df"/>
      </object_component>
      <object_component id="oc-9b">
         <name>.debug_info</name>
         <load_address>0xff1a</load_address>
         <run_address>0xff1a</run_address>
         <size>0x183</size>
         <input_file_ref idref="fl-df"/>
      </object_component>
      <object_component id="oc-135">
         <name>.debug_info</name>
         <load_address>0x1009d</load_address>
         <run_address>0x1009d</run_address>
         <size>0x2c</size>
         <input_file_ref idref="fl-df"/>
      </object_component>
      <object_component id="oc-a2">
         <name>.debug_info</name>
         <load_address>0x100c9</load_address>
         <run_address>0x100c9</run_address>
         <size>0x145</size>
         <input_file_ref idref="fl-e0"/>
      </object_component>
      <object_component id="oc-2cf">
         <name>.debug_info</name>
         <load_address>0x1020e</load_address>
         <run_address>0x1020e</run_address>
         <size>0xa4</size>
      </object_component>
      <object_component id="oc-227">
         <name>.debug_line</name>
         <load_address>0x0</load_address>
         <run_address>0x0</run_address>
         <size>0xfc</size>
         <input_file_ref idref="fl-2"/>
      </object_component>
      <object_component id="oc-ab">
         <name>.debug_line</name>
         <load_address>0xfc</load_address>
         <run_address>0xfc</run_address>
         <size>0x79</size>
         <input_file_ref idref="fl-2"/>
      </object_component>
      <object_component id="oc-bd">
         <name>.debug_line</name>
         <load_address>0x175</load_address>
         <run_address>0x175</run_address>
         <size>0x20</size>
         <input_file_ref idref="fl-2"/>
      </object_component>
      <object_component id="oc-7f">
         <name>.debug_line</name>
         <load_address>0x195</load_address>
         <run_address>0x195</run_address>
         <size>0x65</size>
         <input_file_ref idref="fl-2"/>
      </object_component>
      <object_component id="oc-7b">
         <name>.debug_line</name>
         <load_address>0x1fa</load_address>
         <run_address>0x1fa</run_address>
         <size>0x41</size>
         <input_file_ref idref="fl-3"/>
      </object_component>
      <object_component id="oc-32">
         <name>.debug_line</name>
         <load_address>0x23b</load_address>
         <run_address>0x23b</run_address>
         <size>0x41</size>
         <input_file_ref idref="fl-3"/>
      </object_component>
      <object_component id="oc-2c">
         <name>.debug_line</name>
         <load_address>0x27c</load_address>
         <run_address>0x27c</run_address>
         <size>0xa1</size>
         <input_file_ref idref="fl-3"/>
      </object_component>
      <object_component id="oc-3d">
         <name>.debug_line</name>
         <load_address>0x31d</load_address>
         <run_address>0x31d</run_address>
         <size>0x20</size>
         <input_file_ref idref="fl-3"/>
      </object_component>
      <object_component id="oc-281">
         <name>.debug_line</name>
         <load_address>0x33d</load_address>
         <run_address>0x33d</run_address>
         <size>0x15e</size>
         <input_file_ref idref="fl-4"/>
      </object_component>
      <object_component id="oc-27f">
         <name>.debug_line</name>
         <load_address>0x49b</load_address>
         <run_address>0x49b</run_address>
         <size>0x38</size>
         <input_file_ref idref="fl-4"/>
      </object_component>
      <object_component id="oc-27d">
         <name>.debug_line</name>
         <load_address>0x4d3</load_address>
         <run_address>0x4d3</run_address>
         <size>0x38</size>
         <input_file_ref idref="fl-4"/>
      </object_component>
      <object_component id="oc-287">
         <name>.debug_line</name>
         <load_address>0x50b</load_address>
         <run_address>0x50b</run_address>
         <size>0x38</size>
         <input_file_ref idref="fl-4"/>
      </object_component>
      <object_component id="oc-116">
         <name>.debug_line</name>
         <load_address>0x543</load_address>
         <run_address>0x543</run_address>
         <size>0x3e1</size>
         <input_file_ref idref="fl-4"/>
      </object_component>
      <object_component id="oc-237">
         <name>.debug_line</name>
         <load_address>0x924</load_address>
         <run_address>0x924</run_address>
         <size>0x82</size>
         <input_file_ref idref="fl-a"/>
      </object_component>
      <object_component id="oc-239">
         <name>.debug_line</name>
         <load_address>0x9a6</load_address>
         <run_address>0x9a6</run_address>
         <size>0x7d</size>
         <input_file_ref idref="fl-a"/>
      </object_component>
      <object_component id="oc-1af">
         <name>.debug_line</name>
         <load_address>0xa23</load_address>
         <run_address>0xa23</run_address>
         <size>0x92</size>
         <input_file_ref idref="fl-a"/>
      </object_component>
      <object_component id="oc-14e">
         <name>.debug_line</name>
         <load_address>0xab5</load_address>
         <run_address>0xab5</run_address>
         <size>0x95</size>
         <input_file_ref idref="fl-a"/>
      </object_component>
      <object_component id="oc-148">
         <name>.debug_line</name>
         <load_address>0xb4a</load_address>
         <run_address>0xb4a</run_address>
         <size>0xd1</size>
         <input_file_ref idref="fl-a"/>
      </object_component>
      <object_component id="oc-f3">
         <name>.debug_line</name>
         <load_address>0xc1b</load_address>
         <run_address>0xc1b</run_address>
         <size>0x93</size>
         <input_file_ref idref="fl-a"/>
      </object_component>
      <object_component id="oc-17a">
         <name>.debug_line</name>
         <load_address>0xcae</load_address>
         <run_address>0xcae</run_address>
         <size>0x93</size>
         <input_file_ref idref="fl-a"/>
      </object_component>
      <object_component id="oc-180">
         <name>.debug_line</name>
         <load_address>0xd41</load_address>
         <run_address>0xd41</run_address>
         <size>0x93</size>
         <input_file_ref idref="fl-a"/>
      </object_component>
      <object_component id="oc-e7">
         <name>.debug_line</name>
         <load_address>0xdd4</load_address>
         <run_address>0xdd4</run_address>
         <size>0x99</size>
         <input_file_ref idref="fl-a"/>
      </object_component>
      <object_component id="oc-ed">
         <name>.debug_line</name>
         <load_address>0xe6d</load_address>
         <run_address>0xe6d</run_address>
         <size>0xa7</size>
         <input_file_ref idref="fl-a"/>
      </object_component>
      <object_component id="oc-28a">
         <name>.debug_line</name>
         <load_address>0xf14</load_address>
         <run_address>0xf14</run_address>
         <size>0x82</size>
         <input_file_ref idref="fl-b"/>
      </object_component>
      <object_component id="oc-18b">
         <name>.debug_line</name>
         <load_address>0xf96</load_address>
         <run_address>0xf96</run_address>
         <size>0x91</size>
         <input_file_ref idref="fl-b"/>
      </object_component>
      <object_component id="oc-249">
         <name>.debug_line</name>
         <load_address>0x1027</load_address>
         <run_address>0x1027</run_address>
         <size>0x91</size>
         <input_file_ref idref="fl-b"/>
      </object_component>
      <object_component id="oc-185">
         <name>.debug_line</name>
         <load_address>0x10b8</load_address>
         <run_address>0x10b8</run_address>
         <size>0xa5</size>
         <input_file_ref idref="fl-b"/>
      </object_component>
      <object_component id="oc-191">
         <name>.debug_line</name>
         <load_address>0x115d</load_address>
         <run_address>0x115d</run_address>
         <size>0x91</size>
         <input_file_ref idref="fl-b"/>
      </object_component>
      <object_component id="oc-1a3">
         <name>.debug_line</name>
         <load_address>0x11ee</load_address>
         <run_address>0x11ee</run_address>
         <size>0x91</size>
         <input_file_ref idref="fl-b"/>
      </object_component>
      <object_component id="oc-197">
         <name>.debug_line</name>
         <load_address>0x127f</load_address>
         <run_address>0x127f</run_address>
         <size>0x91</size>
         <input_file_ref idref="fl-b"/>
      </object_component>
      <object_component id="oc-19d">
         <name>.debug_line</name>
         <load_address>0x1310</load_address>
         <run_address>0x1310</run_address>
         <size>0x91</size>
         <input_file_ref idref="fl-b"/>
      </object_component>
      <object_component id="oc-241">
         <name>.debug_line</name>
         <load_address>0x13a1</load_address>
         <run_address>0x13a1</run_address>
         <size>0x7c</size>
         <input_file_ref idref="fl-c"/>
      </object_component>
      <object_component id="oc-23f">
         <name>.debug_line</name>
         <load_address>0x141d</load_address>
         <run_address>0x141d</run_address>
         <size>0x82</size>
         <input_file_ref idref="fl-c"/>
      </object_component>
      <object_component id="oc-2a7">
         <name>.debug_line</name>
         <load_address>0x149f</load_address>
         <run_address>0x149f</run_address>
         <size>0x82</size>
         <input_file_ref idref="fl-c"/>
      </object_component>
      <object_component id="oc-25e">
         <name>.debug_line</name>
         <load_address>0x1521</load_address>
         <run_address>0x1521</run_address>
         <size>0xaf</size>
         <input_file_ref idref="fl-c"/>
      </object_component>
      <object_component id="oc-110">
         <name>.debug_line</name>
         <load_address>0x15d0</load_address>
         <run_address>0x15d0</run_address>
         <size>0x97</size>
         <input_file_ref idref="fl-c"/>
      </object_component>
      <object_component id="oc-104">
         <name>.debug_line</name>
         <load_address>0x1667</load_address>
         <run_address>0x1667</run_address>
         <size>0xc2</size>
         <input_file_ref idref="fl-c"/>
      </object_component>
      <object_component id="oc-22e">
         <name>.debug_line</name>
         <load_address>0x1729</load_address>
         <run_address>0x1729</run_address>
         <size>0x13d</size>
         <input_file_ref idref="fl-d"/>
      </object_component>
      <object_component id="oc-23b">
         <name>.debug_line</name>
         <load_address>0x1866</load_address>
         <run_address>0x1866</run_address>
         <size>0x7f</size>
         <input_file_ref idref="fl-d"/>
      </object_component>
      <object_component id="oc-e0">
         <name>.debug_line</name>
         <load_address>0x18e5</load_address>
         <run_address>0x18e5</run_address>
         <size>0x94</size>
         <input_file_ref idref="fl-d"/>
      </object_component>
      <object_component id="oc-da">
         <name>.debug_line</name>
         <load_address>0x1979</load_address>
         <run_address>0x1979</run_address>
         <size>0xee</size>
         <input_file_ref idref="fl-d"/>
      </object_component>
      <object_component id="oc-f8">
         <name>.debug_line</name>
         <load_address>0x1a67</load_address>
         <run_address>0x1a67</run_address>
         <size>0x11a</size>
         <input_file_ref idref="fl-d"/>
      </object_component>
      <object_component id="oc-232">
         <name>.debug_line</name>
         <load_address>0x1b81</load_address>
         <run_address>0x1b81</run_address>
         <size>0x7f</size>
         <input_file_ref idref="fl-d"/>
      </object_component>
      <object_component id="oc-28c">
         <name>.debug_line</name>
         <load_address>0x1c00</load_address>
         <run_address>0x1c00</run_address>
         <size>0x82</size>
         <input_file_ref idref="fl-e"/>
      </object_component>
      <object_component id="oc-2a3">
         <name>.debug_line</name>
         <load_address>0x1c82</load_address>
         <run_address>0x1c82</run_address>
         <size>0x7e</size>
         <input_file_ref idref="fl-e"/>
      </object_component>
      <object_component id="oc-2a5">
         <name>.debug_line</name>
         <load_address>0x1d00</load_address>
         <run_address>0x1d00</run_address>
         <size>0x7e</size>
         <input_file_ref idref="fl-e"/>
      </object_component>
      <object_component id="oc-1bb">
         <name>.debug_line</name>
         <load_address>0x1d7e</load_address>
         <run_address>0x1d7e</run_address>
         <size>0x9c</size>
         <input_file_ref idref="fl-e"/>
      </object_component>
      <object_component id="oc-25b">
         <name>.debug_line</name>
         <load_address>0x1e1a</load_address>
         <run_address>0x1e1a</run_address>
         <size>0xaf</size>
         <input_file_ref idref="fl-e"/>
      </object_component>
      <object_component id="oc-1c1">
         <name>.debug_line</name>
         <load_address>0x1ec9</load_address>
         <run_address>0x1ec9</run_address>
         <size>0x9a</size>
         <input_file_ref idref="fl-e"/>
      </object_component>
      <object_component id="oc-1c7">
         <name>.debug_line</name>
         <load_address>0x1f63</load_address>
         <run_address>0x1f63</run_address>
         <size>0x93</size>
         <input_file_ref idref="fl-e"/>
      </object_component>
      <object_component id="oc-1a9">
         <name>.debug_line</name>
         <load_address>0x1ff6</load_address>
         <run_address>0x1ff6</run_address>
         <size>0x93</size>
         <input_file_ref idref="fl-e"/>
      </object_component>
      <object_component id="oc-1cd">
         <name>.debug_line</name>
         <load_address>0x2089</load_address>
         <run_address>0x2089</run_address>
         <size>0x93</size>
         <input_file_ref idref="fl-e"/>
      </object_component>
      <object_component id="oc-1d3">
         <name>.debug_line</name>
         <load_address>0x211c</load_address>
         <run_address>0x211c</run_address>
         <size>0x96</size>
         <input_file_ref idref="fl-e"/>
      </object_component>
      <object_component id="oc-1b5">
         <name>.debug_line</name>
         <load_address>0x21b2</load_address>
         <run_address>0x21b2</run_address>
         <size>0xb7</size>
         <input_file_ref idref="fl-e"/>
      </object_component>
      <object_component id="oc-22c">
         <name>.debug_line</name>
         <load_address>0x2269</load_address>
         <run_address>0x2269</run_address>
         <size>0x82</size>
         <input_file_ref idref="fl-f"/>
      </object_component>
      <object_component id="oc-10a">
         <name>.debug_line</name>
         <load_address>0x22eb</load_address>
         <run_address>0x22eb</run_address>
         <size>0x92</size>
         <input_file_ref idref="fl-f"/>
      </object_component>
      <object_component id="oc-165">
         <name>.debug_line</name>
         <load_address>0x237d</load_address>
         <run_address>0x237d</run_address>
         <size>0x93</size>
         <input_file_ref idref="fl-f"/>
      </object_component>
      <object_component id="oc-15f">
         <name>.debug_line</name>
         <load_address>0x2410</load_address>
         <run_address>0x2410</run_address>
         <size>0x96</size>
         <input_file_ref idref="fl-f"/>
      </object_component>
      <object_component id="oc-fe">
         <name>.debug_line</name>
         <load_address>0x24a6</load_address>
         <run_address>0x24a6</run_address>
         <size>0xb3</size>
         <input_file_ref idref="fl-f"/>
      </object_component>
      <object_component id="oc-d4">
         <name>.debug_line</name>
         <load_address>0x2559</load_address>
         <run_address>0x2559</run_address>
         <size>0x93</size>
         <input_file_ref idref="fl-f"/>
      </object_component>
      <object_component id="oc-16f">
         <name>.debug_line</name>
         <load_address>0x25ec</load_address>
         <run_address>0x25ec</run_address>
         <size>0x91</size>
         <input_file_ref idref="fl-10"/>
      </object_component>
      <object_component id="oc-28">
         <name>.debug_line</name>
         <load_address>0x267d</load_address>
         <run_address>0x267d</run_address>
         <size>0x53</size>
         <input_file_ref idref="fl-c6"/>
[...]
         <value>0xffffffff</value>
      </symbol>
      <symbol id="sm-8">
         <name>__STACK_SIZE</name>
         <value>0x400</value>
      </symbol>
      <symbol id="sm-9">
         <name>__STACK_END</name>
         <value>0x2000066c</value>
      </symbol>
      <symbol id="sm-a">
         <name>__c_args__</name>
         <value>0xffffffff</value>
      </symbol>
      <symbol id="sm-b">
         <name>__TI_pprof_out_hndl</name>
         <value>0xffffffff</value>
      </symbol>
      <symbol id="sm-c">
         <name>__TI_prof_data_start</name>
         <value>0xffffffff</value>
      </symbol>
      <symbol id="sm-d">
         <name>__TI_prof_data_size</name>
         <value>0xffffffff</value>
      </symbol>
      <symbol id="sm-47">
         <name>i16_Accel_Raw</name>
         <value>0x20000670</value>
      </symbol>
      <symbol id="sm-48">
         <name>i16_Gyro_Raw</name>
         <value>0x20000688</value>
      </symbol>
      <symbol id="sm-49">
         <name>WriteSerial</name>
         <value>0x1bc9</value>
         <object_component_ref idref="oc-a7"/>
      </symbol>
      <symbol id="sm-4a">
         <name>main</name>
         <value>0x1bff</value>
         <object_component_ref idref="oc-a7"/>
      </symbol>
      <symbol id="sm-6b">
         <name>ResetISR</name>
         <value>0x2561</value>
         <object_component_ref idref="oc-2b"/>
      </symbol>
      <symbol id="sm-6c">
         <name>g_pfnVectors</name>
         <value>0x0</value>
         <object_component_ref idref="oc-f"/>
      </symbol>
      <symbol id="sm-11d">
         <name>gyroXangle</name>
         <value>0x200006d0</value>
      </symbol>
      <symbol id="sm-11e">
         <name>gyroYangle</name>
         <value>0x200006d8</value>
      </symbol>
      <symbol id="sm-11f">
         <name>compAngleX</name>
         <value>0x200006c0</value>
      </symbol>
      <symbol id="sm-120">
         <name>compAngleY</name>
         <value>0x200006c8</value>
      </symbol>
      <symbol id="sm-121">
         <name>kalAngleX</name>
         <value>0x200006e0</value>
      </symbol>
      <symbol id="sm-122">
         <name>kalAngleY</name>
         <value>0x200006e8</value>
      </symbol>
      <symbol id="sm-123">
         <name>MPU6050_Get_Accel_Raw</name>
         <value>0x629</value>
         <object_component_ref idref="oc-112"/>
      </symbol>
      <symbol id="sm-124">
         <name>i2cReadData</name>
         <value>0x3eb</value>
         <object_component_ref idref="oc-112"/>
      </symbol>
      <symbol id="sm-125">
         <name>Kalman_Set_Qbias</name>
         <value>0xdd3</value>
         <object_component_ref idref="oc-112"/>
      </symbol>
      <symbol id="sm-126">
         <name>MPU6050_Get_Gyro_Raw</name>
         <value>0x66b</value>
         <object_component_ref idref="oc-112"/>
      </symbol>
      <symbol id="sm-127">
         <name>i2cWriteData</name>
         <value>0x2ef</value>
         <object_component_ref idref="oc-112"/>
      </symbol>
      <symbol id="sm-128">
         <name>i2cWrite</name>
         <value>0x2cd</value>
         <object_component_ref idref="oc-112"/>
      </symbol>
      <symbol id="sm-129">
         <name>Kalman_Set_Angle</name>
         <value>0xd99</value>
         <object_component_ref idref="oc-112"/>
      </symbol>
      <symbol id="sm-12a">
         <name>Kalman_Get_Rmeasure</name>
         <value>0xe0d</value>
         <object_component_ref idref="oc-112"/>
      </symbol>
      <symbol id="sm-12b">
         <name>Kalman_Get_Qbias</name>
         <value>0xe05</value>
         <object_component_ref idref="oc-112"/>
      </symbol>
      <symbol id="sm-12c">
         <name>Kalman_Get_Qangle</name>
         <value>0xdf7</value>
         <object_component_ref idref="oc-112"/>
      </symbol>
      <symbol id="sm-12d">
         <name>Kalman_Set_Qangle</name>
         <value>0xdc1</value>
         <object_component_ref idref="oc-112"/>
      </symbol>
      <symbol id="sm-12e">
         <name>initI2C</name>
         <value>0x279</value>
         <object_component_ref idref="oc-112"/>
      </symbol>
      <symbol id="sm-12f">
         <name>i2cRead</name>
         <value>0x391</value>
         <object_component_ref idref="oc-112"/>
      </symbol>
      <symbol id="sm-130">
         <name>Kalman_Get_Rate</name>
         <value>0xdab</value>
         <object_component_ref idref="oc-112"/>
      </symbol>
      <symbol id="sm-131">
         <name>initMPU6050</name>
         <value>0x569</value>
         <object_component_ref idref="oc-112"/>
      </symbol>
      <symbol id="sm-132">
         <name>Kalman_Set_Rmeasure</name>
         <value>0xde5</value>
         <object_component_ref idref="oc-112"/>
      </symbol>
      <symbol id="sm-133">
         <name>MPU6050_Complimentary_Angle</name>
         <value>0xb61</value>
         <object_component_ref idref="oc-112"/>
      </symbol>
      <symbol id="sm-134">
         <name>MPU6050_Kalman_Angle</name>
         <value>0xb39</value>
         <object_component_ref idref="oc-112"/>
      </symbol>
      <symbol id="sm-186">
         <name>GPIOPinConfigure</name>
         <value>0x225d</value>
         <object_component_ref idref="oc-e8"/>
      </symbol>
      <symbol id="sm-187">
         <name>GPIOPinTypeI2CSCL</name>
         <value>0x24e7</value>
         <object_component_ref idref="oc-175"/>
      </symbol>
      <symbol id="sm-188">
         <name>GPIOPinTypeI2C</name>
         <value>0x24d5</value>
         <object_component_ref idref="oc-17b"/>
      </symbol>
      <symbol id="sm-189">
         <name>GPIOPinTypeUART</name>
         <value>0x24f9</value>
         <object_component_ref idref="oc-ee"/>
      </symbol>
      <symbol id="sm-18a">
         <name>GPIOPinTypeGPIOOutput</name>
         <value>0x244d</value>
         <object_component_ref idref="oc-e2"/>
      </symbol>
      <symbol id="sm-18b">
         <name>GPIODirModeSet</name>
         <value>0x2403</value>
         <object_component_ref idref="oc-14a"/>
      </symbol>
      <symbol id="sm-18c">
         <name>GPIOPinWrite</name>
         <value>0x25a1</value>
         <object_component_ref idref="oc-1ab"/>
      </symbol>
      <symbol id="sm-18d">
         <name>GPIOPadConfigSet</name>
         <value>0x1797</value>
         <object_component_ref idref="oc-144"/>
      </symbol>
      <symbol id="sm-1ce">
         <name>I2CMasterDataPut</name>
         <value>0x25b5</value>
         <object_component_ref idref="oc-18d"/>
      </symbol>
      <symbol id="sm-1cf">
         <name>I2CMasterInitExpClk</name>
         <value>0x2179</value>
         <object_component_ref idref="oc-181"/>
      </symbol>
      <symbol id="sm-1d0">
         <name>I2CMasterSlaveAddrSet</name>
         <value>0x2589</value>
         <object_component_ref idref="oc-187"/>
      </symbol>
      <symbol id="sm-1d1">
         <name>I2CMasterDataGet</name>
         <value>0x25b1</value>
         <object_component_ref idref="oc-19f"/>
      </symbol>
      <symbol id="sm-1d2">
         <name>I2CMasterControl</name>
         <value>0x25ad</value>
         <object_component_ref idref="oc-193"/>
      </symbol>
      <symbol id="sm-1d3">
         <name>I2CMasterBusy</name>
         <value>0x2581</value>
         <object_component_ref idref="oc-199"/>
      </symbol>
      <symbol id="sm-1d4">
         <name>I2CMasterEnable</name>
         <value>0x256d</value>
         <object_component_ref idref="oc-245"/>
      </symbol>
      <symbol id="sm-216">
         <name>IntEnable</name>
         <value>0x1fa1</value>
         <object_component_ref idref="oc-100"/>
      </symbol>
      <symbol id="sm-217">
         <name>IntRegister</name>
         <value>0x236d</value>
         <object_component_ref idref="oc-25d"/>
      </symbol>
      <symbol id="sm-218">
         <name>g_pfnRAMVectors</name>
         <value>0x20000000</value>
         <object_component_ref idref="oc-294"/>
      </symbol>
      <symbol id="sm-219">
         <name>IntMasterEnable</name>
         <value>0x251d</value>
         <object_component_ref idref="oc-10c"/>
      </symbol>
      <symbol id="sm-26b">
         <name>SysCtlClockSet</name>
         <value>0x1ad5</value>
         <object_component_ref idref="oc-d6"/>
      </symbol>
      <symbol id="sm-26c">
         <name>SysCtlDelay</name>
         <value>0x25a7</value>
         <object_component_ref idref="oc-118"/>
      </symbol>
      <symbol id="sm-26d">
         <name>SysCtlPeripheralEnable</name>
         <value>0x23a1</value>
         <object_component_ref idref="oc-dc"/>
      </symbol>
      <symbol id="sm-26e">
         <name>SysCtlClockGet</name>
         <value>0x18c9</value>
         <object_component_ref idref="oc-f4"/>
      </symbol>
      <symbol id="sm-2d1">
         <name>TimerLoadSet</name>
         <value>0x250b</value>
         <object_component_ref idref="oc-1b7"/>
      </symbol>
      <symbol id="sm-2d2">
         <name>TimerIntRegister</name>
         <value>0x247d</value>
         <object_component_ref idref="oc-1bd"/>
      </symbol>
      <symbol id="sm-2d3">
         <name>TimerEnable</name>
         <value>0x252d</value>
         <object_component_ref idref="oc-1c9"/>
      </symbol>
      <symbol id="sm-2d4">
         <name>TimerControlStall</name>
         <value>0x2465</value>
         <object_component_ref idref="oc-1cf"/>
      </symbol>
      <symbol id="sm-2d5">
         <name>TimerIntEnable</name>
         <value>0x2591</value>
         <object_component_ref idref="oc-1c3"/>
      </symbol>
      <symbol id="sm-2d6">
         <name>TimerConfigure</name>
         <value>0x2071</value>
         <object_component_ref idref="oc-1b1"/>
      </symbol>
      <symbol id="sm-2d7">
         <name>TimerIntClear</name>
         <value>0x25b9</value>
         <object_component_ref idref="oc-1a5"/>
      </symbol>
      <symbol id="sm-309">
         <name>UARTConfigSetExpClk</name>
         <value>0x22ed</value>
         <object_component_ref idref="oc-fa"/>
      </symbol>
      <symbol id="sm-30a">
         <name>UARTDisable</name>
         <value>0x242d</value>
         <object_component_ref idref="oc-15b"/>
      </symbol>
      <symbol id="sm-30b">
         <name>UARTIntEnable</name>
         <value>0x2599</value>
         <object_component_ref idref="oc-106"/>
      </symbol>
      <symbol id="sm-30c">
         <name>UARTCharPut</name>
         <value>0x2577</value>
         <object_component_ref idref="oc-d0"/>
      </symbol>
      <symbol id="sm-30d">
         <name>UARTEnable</name>
         <value>0x24ad</value>
         <object_component_ref idref="oc-161"/>
      </symbol>
      <symbol id="sm-317">
         <name>CPUcpsie</name>
         <value>0x2549</value>
         <object_component_ref idref="oc-16e"/>
      </symbol>
      <symbol id="sm-328">
         <name>_c_int00</name>
         <value>0x20d1</value>
         <object_component_ref idref="oc-24"/>
      </symbol>
      <symbol id="sm-329">
         <name>__stack</name>
         <value>0x2000026c</value>
         <object_component_ref idref="oc-2a"/>
      </symbol>
      <symbol id="sm-347">
         <name>__TI_decompress_lzss</name>
         <value>0x2009</value>
         <object_component_ref idref="oc-12"/>
      </symbol>
      <symbol id="sm-35e">
         <name>__TI_decompress_none</name>
         <value>0x253b</value>
         <object_component_ref idref="oc-18"/>
      </symbol>
      <symbol id="sm-375">
         <name>__TI_zero_init</name>
         <value>0x2555</value>
         <object_component_ref idref="oc-1e"/>
      </symbol>
      <symbol id="sm-3b4">
         <name>atan2</name>
         <value>0x114d</value>
         <object_component_ref idref="oc-1da"/>
      </symbol>
      <symbol id="sm-3b5">
         <name>atan2l</name>
         <value>0x114d</value>
         <object_component_ref idref="oc-1da"/>
      </symbol>
      <symbol id="sm-3d9">
         <name>sqrtl</name>
         <value>0x14f1</value>
         <object_component_ref idref="oc-1ea"/>
      </symbol>
      <symbol id="sm-3da">
         <name>sqrt</name>
         <value>0x14f1</value>
         <object_component_ref idref="oc-1ea"/>
      </symbol>
      <symbol id="sm-3e2">
         <name>errno</name>
         <value>0x20000720</value>
         <object_component_ref idref="oc-271"/>
      </symbol>
      <symbol id="sm-403">
         <name>C$$EXIT</name>
         <value>0x2125</value>
         <object_component_ref idref="oc-6f"/>
      </symbol>
      <symbol id="sm-404">
         <name>abort</name>
         <value>0x2129</value>
         <object_component_ref idref="oc-6f"/>
      </symbol>
      <symbol id="sm-405">
         <name>exit</name>
         <value>0x2131</value>
         <object_component_ref idref="oc-6f"/>
      </symbol>
      <symbol id="sm-406">
         <name>__TI_dtors_ptr</name>
         <value>0x20000710</value>
         <object_component_ref idref="oc-af"/>
      </symbol>
      <symbol id="sm-407">
         <name>__TI_cleanup_ptr</name>
         <value>0x2000070c</value>
         <object_component_ref idref="oc-af"/>
      </symbol>
      <symbol id="sm-408">
         <name>__TI_enable_exit_profile_output</name>
         <value>0x20000714</value>
         <object_component_ref idref="oc-af"/>
      </symbol>
      <symbol id="sm-41f">
         <name>__aeabi_dsub</name>
         <value>0x1339</value>
         <object_component_ref idref="oc-1e5"/>
      </symbol>
      <symbol id="sm-420">
         <name>__aeabi_dadd</name>
         <value>0x1343</value>
         <object_component_ref idref="oc-1e5"/>
      </symbol>
      <symbol id="sm-442">
         <name>__aeabi_cdcmpeq</name>
         <value>0x1d39</value>
         <object_component_ref idref="oc-209"/>
      </symbol>
      <symbol id="sm-443">
         <name>__aeabi_cdcmple</name>
         <value>0x1d39</value>
         <object_component_ref idref="oc-209"/>
      </symbol>
      <symbol id="sm-444">
         <name>__aeabi_cdrcmple</name>
         <value>0x1dbf</value>
         <object_component_ref idref="oc-20e"/>
      </symbol>
      <symbol id="sm-458">
         <name>__aeabi_ddiv</name>
         <value>0x1661</value>
         <object_component_ref idref="oc-1f0"/>
      </symbol>
      <symbol id="sm-463">
         <name>__aeabi_dmul</name>
         <value>0x19d9</value>
         <object_component_ref idref="oc-1e0"/>
      </symbol>
      <symbol id="sm-46d">
         <name>__aeabi_d2iz</name>
         <value>0x22a5</value>
         <object_component_ref idref="oc-218"/>
      </symbol>
      <symbol id="sm-479">
         <name>__aeabi_d2f</name>
         <value>0x1f31</value>
         <object_component_ref idref="oc-1fb"/>
      </symbol>
      <symbol id="sm-484">
         <name>__aeabi_f2d</name>
         <value>0x2333</value>
         <object_component_ref idref="oc-213"/>
      </symbol>
      <symbol id="sm-48e">
         <name>__aeabi_i2d</name>
         <value>0x23d5</value>
         <object_component_ref idref="oc-1d5"/>
      </symbol>
      <symbol id="sm-4a9">
         <name>memcpy</name>
         <value>0x1c9d</value>
         <object_component_ref idref="oc-3f"/>
      </symbol>
      <symbol id="sm-4aa">
         <name>__aeabi_memcpy</name>
         <value>0x1c9d</value>
         <object_component_ref idref="oc-3f"/>
      </symbol>
      <symbol id="sm-4ab">
         <name>__aeabi_memcpy8</name>
         <value>0x1c9d</value>
         <object_component_ref idref="oc-3f"/>
      </symbol>
      <symbol id="sm-4ac">
         <name>__aeabi_memcpy4</name>
         <value>0x1c9d</value>
         <object_component_ref idref="oc-3f"/>
      </symbol>
      <symbol id="sm-4bb">
         <name>__aeabi_memset</name>
         <value>0x1e47</value>
         <object_component_ref idref="oc-4b"/>
      </symbol>
      <symbol id="sm-4bc">
         <name>memset</name>
         <value>0x1e4d</value>
         <object_component_ref idref="oc-4b"/>
      </symbol>
      <symbol id="sm-4bd">
         <name>__aeabi_memset8</name>
         <value>0x1e47</value>
         <object_component_ref idref="oc-4b"/>
      </symbol>
      <symbol id="sm-4be">
         <name>__aeabi_memset4</name>
         <value>0x1e47</value>
         <object_component_ref idref="oc-4b"/>
      </symbol>
      <symbol id="sm-4bf">
         <name>__aeabi_memclr8</name>
         <value>0x1e45</value>
         <object_component_ref idref="oc-4b"/>
      </symbol>
      <symbol id="sm-4c0">
         <name>__aeabi_memclr4</name>
         <value>0x1e45</value>
         <object_component_ref idref="oc-4b"/>
      </symbol>
      <symbol id="sm-4c1">
         <name>__aeabi_memclr</name>
         <value>0x1e45</value>
         <object_component_ref idref="oc-4b"/>
      </symbol>
      <symbol id="sm-4cb">
         <name>__mpu_init</name>
         <value>0x14ef</value>
         <object_component_ref idref="oc-57"/>
      </symbol>
      <symbol id="sm-4d5">
         <name>_system_pre_init</name>
         <value>0x25bd</value>
         <object_component_ref idref="oc-5d"/>
      </symbol>
      <symbol id="sm-508">
         <name>atanl</name>
         <value>0xe61</value>
         <object_component_ref idref="oc-1f5"/>
      </symbol>
      <symbol id="sm-509">
         <name>atan</name>
         <value>0xe61</value>
         <object_component_ref idref="oc-1f5"/>
      </symbol>
      <symbol id="sm-511">
         <name>main_func_sp</name>
         <value>0x20000724</value>
         <object_component_ref idref="oc-75"/>
      </symbol>
      <symbol id="sm-52a">
         <name>_nop</name>
         <value>0x24cf</value>
         <object_component_ref idref="oc-127"/>
      </symbol>
      <symbol id="sm-52b">
         <name>_lock</name>
         <value>0x20000718</value>
         <object_component_ref idref="oc-b2"/>
      </symbol>
      <symbol id="sm-52c">
         <name>_unlock</name>
         <value>0x2000071c</value>
         <object_component_ref idref="oc-b2"/>
      </symbol>
      <symbol id="sm-52d">
         <name>_register_lock</name>
         <value>0x24c7</value>
         <object_component_ref idref="oc-127"/>
      </symbol>
      <symbol id="sm-52e">
         <name>_register_unlock</name>
         <value>0x24c1</value>
         <object_component_ref idref="oc-127"/>
      </symbol>
      <symbol id="sm-542">
         <name>_args_main</name>
         <value>0x2495</value>
         <object_component_ref idref="oc-69"/>
      </symbol>
      <symbol id="sm-56c">
         <name>__TI_auto_init</name>
         <value>0x1ec1</value>
         <object_component_ref idref="oc-63"/>
      </symbol>
      <symbol id="sm-586">
         <name>copy_in</name>
         <value>0x2211</value>
         <object_component_ref idref="oc-99"/>
      </symbol>
      <symbol id="sm-590">
         <name>_system_post_cinit</name>
         <value>0x1ebf</value>
         <object_component_ref idref="oc-9f"/>
      </symbol>
      <symbol id="sm-591">
         <name>__TI_static_base__</name>
         <value>0x0</value>
      </symbol>
      <symbol id="sm-594">
         <name>SHT$$INIT_ARRAY$$Limit</name>
         <value>0x0</value>
      </symbol>
      <symbol id="sm-595">
         <name>SHT$$INIT_ARRAY$$Base</name>
         <value>0x0</value>
      </symbol>
   </symbol_table>
   <title>Link successful</title>
</link_info>
