******************************************************************************
                  TI ARM Linker PC v16.9.3                     
******************************************************************************
>> Linked Fri Jul 21 23:21:57 2017

OUTPUT FILE NAME:   <TIVA_MPU6050.out>
ENTRY POINT SYMBOL: "_c_int00"  address: 0000098d


MEMORY CONFIGURATION

         name            origin    length      used     unused   attr    fill
----------------------  --------  ---------  --------  --------  ----  --------
  FLASH                 00000000   00040000  00000c80  0003f380  R  X
  SRAM                  20000000   00008000  00000220  00007de0  RW X


SEGMENT ALLOCATION MAP

run origin  load origin   length   init length attrs members
----------  ----------- ---------- ----------- ----- -------
00000000    00000000    00000c84   00000c84    r-x
  00000000    00000000    0000026c   0000026c    r-- .intvecs
  0000026c    0000026c    000009c0   000009c0    r-x .text
  00000c2c    00000c2c    00000030   00000030    r-- .const
  00000c60    00000c60    00000024   00000024    r-- .cinit
20000000    20000000    00000220   00000000    rw-
  20000000    20000000    00000200   00000000    rw- .stack
  20000200    20000200    00000020   00000000    rw- .data


SECTION ALLOCATION MAP

 output                                  attributes/
section   page    origin      length       input sections
--------  ----  ----------  ----------   ----------------
.intvecs   0    00000000    0000026c     
                  00000000    0000026c     tm4c123gh6pm_startup_ccs.obj (.intvecs)

.text      0    0000026c    000009c0     
                  0000026c    000004b8     main.obj (.text)
                  00000724    000000f4     driverlib.lib : sysctl.obj (.text:SysCtlClockSet)
                  00000818    0000009c     rtsv7M4_T_le_v4SPD16_eabi.lib : memcpy_t2.obj (.text)
                  000008b4    00000070                                   : autoinit.obj (.text)
                  00000924    00000068                                   : copy_decompress_lzss.obj (.text:decompress:lzss)
                  0000098c    00000054                                   : boot.obj (.text)
                  000009e0    00000054                                   : exit.obj (.text)
                  00000a34    0000004c                                   : cpy_tbl.obj (.text)
                  00000a80    00000046     driverlib.lib : uart.obj (.text:UARTConfigSetExpClk)
                  00000ac6    00000040     rtsv7M4_T_le_v4SPD16_eabi.lib : u_divt2.obj (.text)
                  00000b06    00000002                                   : i_div0.obj (.text)
                  00000b08    00000038     driverlib.lib : sysctl.obj (.text:SysCtlPeripheralPresent)
                  00000b40    00000034                   : sysctl.obj (.text:SysCtlPeripheralEnable)
                  00000b74    00000020                   : uart.obj (.text:UARTDisable)
                  00000b94    00000018     rtsv7M4_T_le_v4SPD16_eabi.lib : args_main.obj (.text)
                  00000bac    00000014     driverlib.lib : uart.obj (.text:UARTEnable)
                  00000bc0    00000014     rtsv7M4_T_le_v4SPD16_eabi.lib : _lock.obj (.text)
                  00000bd4    00000010     driverlib.lib : interrupt.obj (.text:IntMasterEnable)
                  00000be4    0000000e     rtsv7M4_T_le_v4SPD16_eabi.lib : copy_decompress_none.obj (.text:decompress:none)
                  00000bf2    0000000c     driverlib.lib : cpu.obj (.text:CPUcpsie)
                  00000bfe    0000000c     tm4c123gh6pm_startup_ccs.obj (.text)
                  00000c0a    0000000a     driverlib.lib : uart.obj (.text:UARTCharGet)
                  00000c14    0000000a                   : uart.obj (.text:UARTCharPut)
                  00000c1e    00000006                   : sysctl.obj (.text:SysCtlDelay)
                  00000c24    00000004     rtsv7M4_T_le_v4SPD16_eabi.lib : pre_init.obj (.text)
                  00000c28    00000002                                   : mpu_init.obj (.text)
                  00000c2a    00000002                                   : startup.obj (.text)

.const     0    00000c2c    00000030     
                  00000c2c    00000012     main.obj (.const:.string)
                  00000c3e    00000002     --HOLE-- [fill = 0]
                  00000c40    0000000c     main.obj (.const:g_ui32UARTBase)
                  00000c4c    0000000c     main.obj (.const:g_ui32UARTPeriph)
                  00000c58    00000004     main.obj (.const)

.cinit     0    00000c60    00000024     
                  00000c60    00000011     (.cinit..data.load) [load image, compression = lzss]
                  00000c71    00000003     --HOLE-- [fill = 0]
                  00000c74    00000008     (__TI_handler_table)
                  00000c7c    00000008     (__TI_cinit_table)

.init_array 
*          0    00000000    00000000     UNINITIALIZED

.stack     0    20000000    00000200     UNINITIALIZED
                  20000000    00000200     --HOLE--

.data      0    20000200    00000020     UNINITIALIZED
                  20000200    0000000c     rtsv7M4_T_le_v4SPD16_eabi.lib : exit.obj (.data:$O1$$)
                  2000020c    00000008                                   : _lock.obj (.data:$O1$$)
                  20000214    00000005     main.obj (.data)
                  20000219    00000003     --HOLE--
                  2000021c    00000004     rtsv7M4_T_le_v4SPD16_eabi.lib : stkdepth_vars.obj (.data)

MODULE SUMMARY

       Module                         code   ro data   rw data
       ------                         ----   -------   -------
    .\
       main.obj                       1208   46        5      
       tm4c123gh6pm_startup_ccs.obj   12     620       0      
    +--+------------------------------+------+---------+---------+
       Total:                         1220   666       5      
                                                              
    C:\ti\ccsv7\tools\compiler\ti-cgt-arm_16.9.3.LTS\lib\rtsv7M4_T_le_v4SPD16_eabi.lib
       memcpy_t2.obj                  156    0         0      
       autoinit.obj                   112    0         0      
       copy_decompress_lzss.obj       104    0         0      
       exit.obj                       84     0         12     
       boot.obj                       84     0         0      
       cpy_tbl.obj                    76     0         0      
       u_divt2.obj                    64     0         0      
       _lock.obj                      20     0         8      
       args_main.obj                  24     0         0      
       copy_decompress_none.obj       14     0         0      
       pre_init.obj                   4      0         0      
       stkdepth_vars.obj              0      0         4      
       i_div0.obj                     2      0         0      
       mpu_init.obj                   2      0         0      
       startup.obj                    2      0         0      
    +--+------------------------------+------+---------+---------+
       Total:                         748    0         24     
                                                              
    T:/Programs/ti/TivaWare/driverlib/ccs/Debug/driverlib.lib
       sysctl.obj                     358    0         0      
       uart.obj                       142    0         0      
       interrupt.obj                  16     0         0      
       cpu.obj                        12     0         0      
    +--+------------------------------+------+---------+---------+
       Total:                         528    0         0      
                                                              
       Stack:                         0      0         512    
       Linker Generated:              0      33        0      
    +--+------------------------------+------+---------+---------+
       Grand Total:                   2496   699       541    


LINKER GENERATED COPY TABLES

__TI_cinit_table @ 00000c7c records: 1, size/record: 8, table size: 8
	.data: load addr=00000c60, load size=00000011 bytes, run addr=20000200, run size=00000020 bytes, compression=lzss


LINKER GENERATED HANDLER TABLE

__TI_handler_table @ 00000c74 records: 2, size/record: 4, table size: 8
	index: 0, handler: __TI_decompress_lzss
	index: 1, handler: __TI_decompress_none


GLOBAL SYMBOLS: SORTED ALPHABETICALLY BY Name 

address   name                           
-------   ----                           
000009e1  C$$EXIT                        
00000bf3  CPUcpsie                       
00000bd5  IntMasterEnable                
00000bff  ResetISR                       
UNDEFED   SHT$$INIT_ARRAY$$Base          
UNDEFED   SHT$$INIT_ARRAY$$Limit         
00000725  SysCtlClockSet                 
00000c1f  SysCtlDelay                    
00000b41  SysCtlPeripheralEnable         
00000b09  SysCtlPeripheralPresent        
00000c0b  UARTCharGet                    
00000c15  UARTCharPut                    
00000a81  UARTConfigSetExpClk            
00000b75  UARTDisable                    
00000bad  UARTEnable                     
0000026d  UARTStdioConfig                
000003b3  UARTgetc                       
000002f9  UARTgets                       
000006d3  UARTprintf                     
000003d9  UARTvprintf                    
000002b3  UARTwrite                      
20000200  __STACK_END                    
00000200  __STACK_SIZE                   
20000200  __STACK_TOP                    
00000c7c  __TI_CINIT_Base                
00000c84  __TI_CINIT_Limit               
00000c74  __TI_Handler_Table_Base        
00000c7c  __TI_Handler_Table_Limit       
000008b5  __TI_auto_init                 
20000200  __TI_cleanup_ptr               
00000925  __TI_decompress_lzss           
00000be5  __TI_decompress_none           
20000204  __TI_dtors_ptr                 
20000208  __TI_enable_exit_profile_output
ffffffff  __TI_pprof_out_hndl            
ffffffff  __TI_prof_data_size            
ffffffff  __TI_prof_data_start           
00000000  __TI_static_base__             
00000b07  __aeabi_idiv0                  
00000819  __aeabi_memcpy                 
00000819  __aeabi_memcpy4                
00000819  __aeabi_memcpy8                
00000ac7  __aeabi_uidiv                  
00000ac7  __aeabi_uidivmod               
ffffffff  __binit__                      
ffffffff  __c_args__                     
00000c29  __mpu_init                     
20000000  __stack                        
00000b95  _args_main                     
0000098d  _c_int00                       
2000020c  _lock                          
00000bcf  _nop                           
00000bc7  _register_lock                 
00000bc1  _register_unlock               
00000c2b  _system_post_cinit             
00000c25  _system_pre_init               
20000210  _unlock                        
000009e5  abort                          
ffffffff  binit                          
00000a35  copy_in                        
000009ed  exit                           
00000000  g_pfnVectors                   
UNDEFED   getMPU6050Data                 
UNDEFED   initI2C                        
UNDEFED   initMPU6050                    
000006f7  main                           
2000021c  main_func_sp                   
00000819  memcpy                         


GLOBAL SYMBOLS: SORTED BY Symbol Address 

address   name                           
-------   ----                           
00000000  __TI_static_base__             
00000000  g_pfnVectors                   
00000200  __STACK_SIZE                   
0000026d  UARTStdioConfig                
000002b3  UARTwrite                      
000002f9  UARTgets                       
000003b3  UARTgetc                       
000003d9  UARTvprintf                    
000006d3  UARTprintf                     
000006f7  main                           
00000725  SysCtlClockSet                 
00000819  __aeabi_memcpy                 
00000819  __aeabi_memcpy4                
00000819  __aeabi_memcpy8                
00000819  memcpy                         
000008b5  __TI_auto_init                 
00000925  __TI_decompress_lzss           
0000098d  _c_int00                       
000009e1  C$$EXIT                        
000009e5  abort                          
000009ed  exit                           
00000a35  copy_in                        
00000a81  UARTConfigSetExpClk            
00000ac7  __aeabi_uidiv                  
00000ac7  __aeabi_uidivmod               
00000b07  __aeabi_idiv0                  
00000b09  SysCtlPeripheralPresent        
00000b41  SysCtlPeripheralEnable         
00000b75  UARTDisable                    
00000b95  _args_main                     
00000bad  UARTEnable                     
00000bc1  _register_unlock               
00000bc7  _register_lock                 
00000bcf  _nop                           
00000bd5  IntMasterEnable                
00000be5  __TI_decompress_none           
00000bf3  CPUcpsie                       
00000bff  ResetISR                       
00000c0b  UARTCharGet                    
00000c15  UARTCharPut                    
00000c1f  SysCtlDelay                    
00000c25  _system_pre_init               
00000c29  __mpu_init                     
00000c2b  _system_post_cinit             
00000c74  __TI_Handler_Table_Base        
00000c7c  __TI_CINIT_Base                
00000c7c  __TI_Handler_Table_Limit       
00000c84  __TI_CINIT_Limit               
20000000  __stack                        
20000200  __STACK_END                    
20000200  __STACK_TOP                    
20000200  __TI_cleanup_ptr               
20000204  __TI_dtors_ptr                 
20000208  __TI_enable_exit_profile_output
2000020c  _lock                          
20000210  _unlock                        
2000021c  main_func_sp                   
ffffffff  __TI_pprof_out_hndl            
ffffffff  __TI_prof_data_size            
ffffffff  __TI_prof_data_start           
ffffffff  __binit__                      
ffffffff  __c_args__                     
ffffffff  binit                          
UNDEFED   SHT$$INIT_ARRAY$$Base          
UNDEFED   SHT$$INIT_ARRAY$$Limit         
UNDEFED   getMPU6050Data                 
UNDEFED   initI2C                        
UNDEFED   initMPU6050                    

[68 symbols]
